==== evalset ctl ====
  production : 311/341 fp=20 bruit=0 | 31/0 35/4 21/5 29/0 25/0 35/1 135/10
  production a=0.95 : 312/341 fp=15 bruit=0 | 31/0 35/2 23/6 28/1 25/0 36/1 134/5
  production N=3 : 287/341 fp=6 bruit=0 | 30/0 34/0 18/0 27/0 24/0 30/0 124/6
  share 0.1101 N2 : 312/341 fp=18 bruit=0 | 31/0 35/5 22/3 29/0 25/0 36/0 134/10
  nRTM 1.0197 N0 : 304/341 fp=10 bruit=0 | 31/0 35/0 20/1 29/0 24/0 32/1 133/8
  share 0.0959 N2 : 294/341 fp=4 bruit=0 | 31/0 35/0 18/0 28/0 24/0 33/0 125/4
  share 0.0959 N2 a=0.9 : 304/341 fp=7 bruit=0 | 31/0 35/0 20/1 29/0 25/0 34/1 130/5
7 configurations rejouees en 10s
==== plafond ctl ====
1Hour_Trad_Irish_Music_Session_i n= 31 top10=31 top3=31 top1=31 top1x2=31 top1n2=31 top1n3=31
20260523_1_matin_Anglade         n= 36 top10=36 top3=36 top1=35 top1x2=35 top1n2=35 top1n3=35
20260523_2_aprem_tabac           n= 27 top10=24 top3=24 top1=24 top1x2=24 top1n2=24 top1n3=24
20260523_5_auberge_fleurie       n= 30 top10=30 top3=30 top1=30 top1x2=30 top1n2=30 top1n3=30
One_of_the_Best_Traditional_Iris n= 26 top10=25 top3=25 top1=25 top1x2=25 top1n2=25 top1n3=25
13th_Moon_Gravity_Well_-_Irish_T n= 42 top10=40 top3=40 top1=40 top1x2=37 top1n2=39 top1n3=37
20240721_tocane_2_chapiteau      n=149 top10=146 top3=146 top1=144 top1x2=137 top1n2=139 top1n3=136
TOTAL                            n=341 top10=332 top3=332 top1=329 top1x2=319 top1n2=323 top1n3=318
==== tempo ctl ====
plage des tempo_candidates dans les fenetres : 60 -> 235 bpm
-- best_bpm sur les plages annotees : type | fenetres | rang1 % | top10 % | bpm p10/p50/p90 | bpm quand rang 1 (p50) | bpm quand absent du top10 (p50)
  reel        4085 |  77% |  82% | 190/215/230 | 210 | 230
  jig         1873 |  70% |  75% | 175/205/230 | 200 | 210
  slip jig     414 |  86% |  92% | 160/185/210 | 180 | 210
  hornpipe     389 |  69% |  75% | 160/205/230 | 190 | 210
  polka        367 |  40% |  52% | 140/185/230 | 175 | 210
==== evalset t320 ====
  production : 312/341 fp=20 bruit=0 | 31/0 35/3 21/4 29/1 25/0 36/1 135/11
  production a=0.95 : 311/341 fp=16 bruit=0 | 31/0 35/2 22/6 28/1 25/0 36/1 134/6
  production N=3 : 285/341 fp=7 bruit=0 | 30/0 34/0 18/0 27/0 24/0 28/0 124/7
  share 0.1101 N2 : 312/341 fp=13 bruit=0 | 31/0 35/2 22/2 29/0 25/0 36/0 134/9
  nRTM 1.0197 N0 : 304/341 fp=11 bruit=0 | 31/0 34/0 20/0 29/1 24/0 33/1 133/9
  share 0.0959 N2 : 291/341 fp=4 bruit=0 | 31/0 34/0 18/0 27/0 24/0 34/0 123/4
  share 0.0959 N2 a=0.9 : 305/341 fp=6 bruit=0 | 31/0 35/0 20/1 29/0 25/0 34/1 131/4
7 configurations rejouees en 10s
==== plafond t320 ====
1Hour_Trad_Irish_Music_Session_i n= 31 top10=31 top3=31 top1=31 top1x2=31 top1n2=31 top1n3=31
20260523_1_matin_Anglade         n= 36 top10=36 top3=36 top1=35 top1x2=35 top1n2=35 top1n3=35
20260523_2_aprem_tabac           n= 27 top10=24 top3=24 top1=24 top1x2=24 top1n2=24 top1n3=24
20260523_5_auberge_fleurie       n= 30 top10=30 top3=30 top1=30 top1x2=30 top1n2=30 top1n3=30
One_of_the_Best_Traditional_Iris n= 26 top10=25 top3=25 top1=25 top1x2=25 top1n2=25 top1n3=25
13th_Moon_Gravity_Well_-_Irish_T n= 42 top10=39 top3=39 top1=39 top1x2=37 top1n2=39 top1n3=37
20240721_tocane_2_chapiteau      n=149 top10=146 top3=146 top1=144 top1x2=137 top1n2=138 top1n3=136
TOTAL                            n=341 top10=331 top3=331 top1=328 top1x2=319 top1n2=322 top1n3=318
==== tempo t320 ====
plage des tempo_candidates dans les fenetres : 60 -> 315 bpm
-- best_bpm sur les plages annotees : type | fenetres | rang1 % | top10 % | bpm p10/p50/p90 | bpm quand rang 1 (p50) | bpm quand absent du top10 (p50)
  reel        4085 |  76% |  81% | 190/220/260 | 210 | 230
  jig         1873 |  69% |  74% | 175/205/235 | 200 | 210
  slip jig     414 |  86% |  92% | 160/185/210 | 180 | 210
  hornpipe     389 |  68% |  75% | 160/205/255 | 190 | 230
  polka        367 |  40% |  51% | 140/185/250 | 175 | 210
==== comparaison ====

==== production ====
  committed 312/20  ctl 311/20  t320 312/20   bruit moteur (ctl-committed) -1/0   effet tempo (t320-ctl) +1/0   bruit 0/0/0
  session   | committed | ctl     | t320    | t320-ctl
  Korea     |  31/0    |  31/0   |  31/0   | 0/0
  Anglade   |  35/4    |  35/4   |  35/3   | 0/-1
  tabac     |  21/5    |  21/5   |  21/4   | 0/-1
  auberge   |  29/0    |  29/0   |  29/1   | 0/+1
  OneBest   |  25/0    |  25/0   |  25/0   | 0/0
  13thMoon  |  36/1    |  35/1   |  36/1   | +1/0
  AudioF    | 135/10   | 135/10  | 135/11  | 0/+1

==== production a=0.95 ====
  committed 312/15  ctl 312/15  t320 311/16   bruit moteur (ctl-committed) 0/0   effet tempo (t320-ctl) -1/+1   bruit 0/0/0
  session   | committed | ctl     | t320    | t320-ctl
  Korea     |  31/0    |  31/0   |  31/0   | 0/0
  Anglade   |  35/2    |  35/2   |  35/2   | 0/0
  tabac     |  23/6    |  23/6   |  22/6   | -1/0
  auberge   |  28/1    |  28/1   |  28/1   | 0/0
  OneBest   |  25/0    |  25/0   |  25/0   | 0/0
  13thMoon  |  36/1    |  36/1   |  36/1   | 0/0
  AudioF    | 134/5    | 134/5   | 134/6   | 0/+1

==== production N=3 ====
  committed 287/6  ctl 287/6  t320 285/7   bruit moteur (ctl-committed) 0/0   effet tempo (t320-ctl) -2/+1   bruit 0/0/0
  session   | committed | ctl     | t320    | t320-ctl
  Korea     |  30/0    |  30/0   |  30/0   | 0/0
  Anglade   |  34/0    |  34/0   |  34/0   | 0/0
  tabac     |  18/0    |  18/0   |  18/0   | 0/0
  auberge   |  27/0    |  27/0   |  27/0   | 0/0
  OneBest   |  24/0    |  24/0   |  24/0   | 0/0
  13thMoon  |  30/0    |  30/0   |  28/0   | -2/0
  AudioF    | 124/6    | 124/6   | 124/7   | 0/+1

==== share 0.1101 N2 ====
  committed 312/17  ctl 312/18  t320 312/13   bruit moteur (ctl-committed) 0/+1   effet tempo (t320-ctl) 0/-5   bruit 0/0/0
  session   | committed | ctl     | t320    | t320-ctl
  Korea     |  31/0    |  31/0   |  31/0   | 0/0
  Anglade   |  35/5    |  35/5   |  35/2   | 0/-3
  tabac     |  22/3    |  22/3   |  22/2   | 0/-1
  auberge   |  29/0    |  29/0   |  29/0   | 0/0
  OneBest   |  25/0    |  25/0   |  25/0   | 0/0
  13thMoon  |  36/0    |  36/0   |  36/0   | 0/0
  AudioF    | 134/9    | 134/10  | 134/9   | 0/-1

==== nRTM 1.0197 N0 ====
  committed 305/10  ctl 304/10  t320 304/11   bruit moteur (ctl-committed) -1/0   effet tempo (t320-ctl) 0/+1   bruit 0/0/0
  session   | committed | ctl     | t320    | t320-ctl
  Korea     |  31/0    |  31/0   |  31/0   | 0/0
  Anglade   |  35/0    |  35/0   |  34/0   | -1/0
  tabac     |  20/1    |  20/1   |  20/0   | 0/-1
  auberge   |  29/0    |  29/0   |  29/1   | 0/+1
  OneBest   |  24/0    |  24/0   |  24/0   | 0/0
  13thMoon  |  33/1    |  32/1   |  33/1   | +1/0
  AudioF    | 133/8    | 133/8   | 133/9   | 0/+1

==== share 0.0959 N2 ====
  committed 294/3  ctl 294/4  t320 291/4   bruit moteur (ctl-committed) 0/+1   effet tempo (t320-ctl) -3/0   bruit 0/0/0
  session   | committed | ctl     | t320    | t320-ctl
  Korea     |  31/0    |  31/0   |  31/0   | 0/0
  Anglade   |  35/0    |  35/0   |  34/0   | -1/0
  tabac     |  18/0    |  18/0   |  18/0   | 0/0
  auberge   |  28/0    |  28/0   |  27/0   | -1/0
  OneBest   |  24/0    |  24/0   |  24/0   | 0/0
  13thMoon  |  33/0    |  33/0   |  34/0   | +1/0
  AudioF    | 125/3    | 125/4   | 123/4   | -2/0

==== share 0.0959 N2 a=0.9 ====
  committed 305/7  ctl 304/7  t320 305/6   bruit moteur (ctl-committed) -1/0   effet tempo (t320-ctl) +1/-1   bruit 0/0/0
  session   | committed | ctl     | t320    | t320-ctl
  Korea     |  31/0    |  31/0   |  31/0   | 0/0
  Anglade   |  35/0    |  35/0   |  35/0   | 0/0
  tabac     |  20/1    |  20/1   |  20/1   | 0/0
  auberge   |  30/0    |  29/0   |  29/0   | 0/0
  OneBest   |  25/0    |  25/0   |  25/0   | 0/0
  13thMoon  |  34/1    |  34/1   |  34/1   | 0/0
  AudioF    | 130/5    | 130/5   | 131/4   | +1/-1

bruit moteur moyen |ctl-committed| : rappel 0.4, fp 0.3
effet tempo moyen (t320-ctl)      : rappel -0.6, fp -0.4
