L=20 : 600/9482 fenetres videes (6.3%), dont bruit 121/338
L=20 : 504/9482 fenetres videes (5.3%), dont bruit 44/338
==== ctl (experiments/ranking-study/v3/fixtures-ctl) ====
7 configurations rejouees en 13s
9 configurations rejouees en 14s
7 configurations rejouees en 12s
==== ctlL20 (experiments/ranking-study/v3/gate-ctl-L20) ====
7 configurations rejouees en 14s
9 configurations rejouees en 14s
7 configurations rejouees en 11s
==== t180 (experiments/ranking-study/v3/fixtures-t180) ====
7 configurations rejouees en 14s
9 configurations rejouees en 15s
7 configurations rejouees en 11s
==== t180L20 (experiments/ranking-study/v3/gate-t180-full-L20) ====
7 configurations rejouees en 13s
9 configurations rejouees en 14s
7 configurations rejouees en 11s
==== t200 (experiments/ranking-study/v3/fixtures-t200) ====
7 configurations rejouees en 14s
9 configurations rejouees en 14s
7 configurations rejouees en 12s
==== t200L20 (experiments/ranking-study/v3/gate-t200-full-L20) ====
7 configurations rejouees en 13s
9 configurations rejouees en 14s
7 configurations rejouees en 11s
==== configurations figees ====

==== production ====
  bras                      rappel    fp  bruit    couv    delta ref (rappel/fp/couv)   par session trouves/fp
  e5-fixed-ctl                 311    20      0   80.4%                   0 / 0 / 0pt   Korea 31/0 Anglade 35/4 tabac 21/5 auberge 29/0 OneBest 25/0 13thMoon 35/1 AudioF 135/10
                             IoU moyenne 79.5% (0pt) | erreur debut p50/p90 4/25 s | erreur fin p50/p90 3/43 s
  e5-fixed-ctlL20              311    18      0   80.4%                  0 / -2 / 0pt   Korea 31/0 Anglade 35/2 tabac 21/5 auberge 29/0 OneBest 25/0 13thMoon 35/1 AudioF 135/10
                             IoU moyenne 79.5% (0pt) | erreur debut p50/p90 4/25 s | erreur fin p50/p90 3/43 s
  e5-fixed-t180                312    16      0   82.2%              +1 / -4 / +1.8pt   Korea 31/0 Anglade 35/3 tabac 20/4 auberge 29/0 OneBest 25/0 13thMoon 37/1 AudioF 135/8
                             IoU moyenne 81.1% (+1.7pt) | erreur debut p50/p90 4/24 s | erreur fin p50/p90 3/37 s
  e5-fixed-t180L20             312    15      0   82.2%              +1 / -5 / +1.8pt   Korea 31/0 Anglade 35/2 tabac 20/4 auberge 29/0 OneBest 25/0 13thMoon 37/1 AudioF 135/8
                             IoU moyenne 81.1% (+1.7pt) | erreur debut p50/p90 4/24 s | erreur fin p50/p90 3/37 s
  e5-fixed-t200                315    15      0   81.2%              +4 / -5 / +0.8pt   Korea 31/0 Anglade 35/3 tabac 21/4 auberge 29/0 OneBest 25/0 13thMoon 38/1 AudioF 136/7
                             IoU moyenne 80.2% (+0.8pt) | erreur debut p50/p90 4/23 s | erreur fin p50/p90 3/43 s
  e5-fixed-t200L20             315    14      0   81.2%              +4 / -6 / +0.8pt   Korea 31/0 Anglade 35/2 tabac 21/4 auberge 29/0 OneBest 25/0 13thMoon 38/1 AudioF 136/7
                             IoU moyenne 80.2% (+0.8pt) | erreur debut p50/p90 4/23 s | erreur fin p50/p90 3/43 s

==== production a=0.95 ====
  bras                      rappel    fp  bruit    couv    delta ref (rappel/fp/couv)   par session trouves/fp
  e5-fixed-ctl                 312    15      0   92.8%                   0 / 0 / 0pt   Korea 31/0 Anglade 35/2 tabac 23/6 auberge 28/1 OneBest 25/0 13thMoon 36/1 AudioF 134/5
                             IoU moyenne 80.7% (0pt) | erreur debut p50/p90 5/88 s | erreur fin p50/p90 3/17 s
  e5-fixed-ctlL20              312    13      0   93.0%               0 / -2 / +0.1pt   Korea 31/0 Anglade 35/1 tabac 23/5 auberge 28/1 OneBest 25/0 13thMoon 36/1 AudioF 134/5
                             IoU moyenne 79.8% (-0.8pt) | erreur debut p50/p90 5/96 s | erreur fin p50/p90 3/17 s
  e5-fixed-t180                316    11      1   93.3%              +4 / -4 / +0.4pt   Korea 31/0 Anglade 35/2 tabac 22/4 auberge 30/0 OneBest 25/0 13thMoon 38/1 AudioF 135/4
                             IoU moyenne 81.9% (+1.2pt) | erreur debut p50/p90 4/74 s | erreur fin p50/p90 3/17 s
  e5-fixed-t180L20             316    12      0   93.4%              +4 / -3 / +0.5pt   Korea 31/0 Anglade 35/2 tabac 22/5 auberge 30/0 OneBest 25/0 13thMoon 38/1 AudioF 135/4
                             IoU moyenne 80.4% (-0.3pt) | erreur debut p50/p90 4/85 s | erreur fin p50/p90 3/18 s
  e5-fixed-t200                315    13      0   93.1%              +3 / -2 / +0.3pt   Korea 31/0 Anglade 35/2 tabac 22/5 auberge 29/0 OneBest 25/0 13thMoon 38/1 AudioF 135/5
                             IoU moyenne 81.8% (+1.2pt) | erreur debut p50/p90 4/78 s | erreur fin p50/p90 3/17 s
  e5-fixed-t200L20             315    12      0   93.3%              +3 / -3 / +0.4pt   Korea 31/0 Anglade 35/2 tabac 22/4 auberge 29/0 OneBest 25/0 13thMoon 38/1 AudioF 135/5
                             IoU moyenne 81.1% (+0.4pt) | erreur debut p50/p90 4/90 s | erreur fin p50/p90 3/17 s

==== production N=3 ====
  bras                      rappel    fp  bruit    couv    delta ref (rappel/fp/couv)   par session trouves/fp
  e5-fixed-ctl                 287     6      0   78.7%                   0 / 0 / 0pt   Korea 30/0 Anglade 34/0 tabac 18/0 auberge 27/0 OneBest 24/0 13thMoon 30/0 AudioF 124/6
                             IoU moyenne 77.7% (0pt) | erreur debut p50/p90 4/38 s | erreur fin p50/p90 3/50 s
  e5-fixed-ctlL20              287     6      0   78.7%                   0 / 0 / 0pt   Korea 30/0 Anglade 34/0 tabac 18/0 auberge 27/0 OneBest 24/0 13thMoon 30/0 AudioF 124/6
                             IoU moyenne 77.7% (0pt) | erreur debut p50/p90 4/38 s | erreur fin p50/p90 3/50 s
  e5-fixed-t180                291     4      0   81.1%              +4 / -2 / +2.4pt   Korea 31/0 Anglade 34/0 tabac 18/0 auberge 27/0 OneBest 25/0 13thMoon 29/0 AudioF 127/4
                             IoU moyenne 80.1% (+2.3pt) | erreur debut p50/p90 4/28 s | erreur fin p50/p90 3/41 s
  e5-fixed-t180L20             291     4      0   81.1%              +4 / -2 / +2.4pt   Korea 31/0 Anglade 34/0 tabac 18/0 auberge 27/0 OneBest 25/0 13thMoon 29/0 AudioF 127/4
                             IoU moyenne 80.1% (+2.3pt) | erreur debut p50/p90 4/28 s | erreur fin p50/p90 3/41 s
  e5-fixed-t200                287     5      0   80.8%               0 / -1 / +2.1pt   Korea 31/0 Anglade 34/0 tabac 18/1 auberge 27/0 OneBest 24/0 13thMoon 29/0 AudioF 124/4
                             IoU moyenne 79.8% (+2.1pt) | erreur debut p50/p90 4/30 s | erreur fin p50/p90 3/43 s
  e5-fixed-t200L20             287     5      0   80.8%               0 / -1 / +2.1pt   Korea 31/0 Anglade 34/0 tabac 18/1 auberge 27/0 OneBest 24/0 13thMoon 29/0 AudioF 124/4
                             IoU moyenne 79.8% (+2.1pt) | erreur debut p50/p90 4/30 s | erreur fin p50/p90 3/43 s

==== share 0.1101 N2 ====
  bras                      rappel    fp  bruit    couv    delta ref (rappel/fp/couv)   par session trouves/fp
  e5-fixed-ctl                 312    18      0   81.7%                   0 / 0 / 0pt   Korea 31/0 Anglade 35/5 tabac 22/3 auberge 29/0 OneBest 25/0 13thMoon 36/0 AudioF 134/10
                             IoU moyenne 80.9% (0pt) | erreur debut p50/p90 4/22 s | erreur fin p50/p90 3/39 s
  e5-fixed-ctlL20              312    17      0   81.7%                  0 / -1 / 0pt   Korea 31/0 Anglade 35/4 tabac 22/3 auberge 29/0 OneBest 25/0 13thMoon 36/0 AudioF 134/10
                             IoU moyenne 80.9% (0pt) | erreur debut p50/p90 4/22 s | erreur fin p50/p90 3/39 s
  e5-fixed-t180                314    14      0   83.3%              +2 / -4 / +1.6pt   Korea 31/0 Anglade 34/4 tabac 21/2 auberge 29/0 OneBest 25/0 13thMoon 38/1 AudioF 136/7
                             IoU moyenne 82.4% (+1.5pt) | erreur debut p50/p90 4/20 s | erreur fin p50/p90 3/33 s
  e5-fixed-t180L20             314    13      0   83.3%              +2 / -5 / +1.6pt   Korea 31/0 Anglade 34/3 tabac 21/2 auberge 29/0 OneBest 25/0 13thMoon 38/1 AudioF 136/7
                             IoU moyenne 82.4% (+1.5pt) | erreur debut p50/p90 4/20 s | erreur fin p50/p90 3/33 s
  e5-fixed-t200                315    17      0   82.6%              +3 / -1 / +0.9pt   Korea 31/0 Anglade 35/5 tabac 21/3 auberge 29/0 OneBest 25/0 13thMoon 38/2 AudioF 136/7
                             IoU moyenne 81.8% (+0.9pt) | erreur debut p50/p90 4/21 s | erreur fin p50/p90 3/38 s
  e5-fixed-t200L20             315    16      0   82.6%              +3 / -2 / +0.9pt   Korea 31/0 Anglade 35/4 tabac 21/3 auberge 29/0 OneBest 25/0 13thMoon 38/2 AudioF 136/7
                             IoU moyenne 81.8% (+0.9pt) | erreur debut p50/p90 4/21 s | erreur fin p50/p90 3/38 s

==== nRTM 1.0197 N0 ====
  bras                      rappel    fp  bruit    couv    delta ref (rappel/fp/couv)   par session trouves/fp
  e5-fixed-ctl                 304    10      0   82.3%                   0 / 0 / 0pt   Korea 31/0 Anglade 35/0 tabac 20/1 auberge 29/0 OneBest 24/0 13thMoon 32/1 AudioF 133/8
                             IoU moyenne 80.8% (0pt) | erreur debut p50/p90 3/29 s | erreur fin p50/p90 3/39 s
  e5-fixed-ctlL20              304    10      0   82.3%                   0 / 0 / 0pt   Korea 31/0 Anglade 35/0 tabac 20/1 auberge 29/0 OneBest 24/0 13thMoon 32/1 AudioF 133/8
                             IoU moyenne 80.8% (0pt) | erreur debut p50/p90 3/29 s | erreur fin p50/p90 3/39 s
  e5-fixed-t180                305    13      0   83.9%              +1 / +3 / +1.6pt   Korea 31/0 Anglade 34/1 tabac 18/2 auberge 29/1 OneBest 25/0 13thMoon 33/1 AudioF 135/8
                             IoU moyenne 82.2% (+1.4pt) | erreur debut p50/p90 3/23 s | erreur fin p50/p90 3/38 s
  e5-fixed-t180L20             305    12      0   83.9%              +1 / +2 / +1.6pt   Korea 31/0 Anglade 34/1 tabac 18/1 auberge 29/1 OneBest 25/0 13thMoon 33/1 AudioF 135/8
                             IoU moyenne 82.2% (+1.4pt) | erreur debut p50/p90 3/23 s | erreur fin p50/p90 3/38 s
  e5-fixed-t200                305     8      0   83.1%              +1 / -2 / +0.8pt   Korea 31/0 Anglade 35/1 tabac 19/1 auberge 29/0 OneBest 24/0 13thMoon 34/0 AudioF 133/6
                             IoU moyenne 81.6% (+0.7pt) | erreur debut p50/p90 3/28 s | erreur fin p50/p90 3/39 s
  e5-fixed-t200L20             305     7      0   83.1%              +1 / -3 / +0.8pt   Korea 31/0 Anglade 35/1 tabac 19/0 auberge 29/0 OneBest 24/0 13thMoon 34/0 AudioF 133/6
                             IoU moyenne 81.6% (+0.7pt) | erreur debut p50/p90 3/28 s | erreur fin p50/p90 3/39 s

==== share 0.0959 N2 ====
  bras                      rappel    fp  bruit    couv    delta ref (rappel/fp/couv)   par session trouves/fp
  e5-fixed-ctl                 294     4      0   82.3%                   0 / 0 / 0pt   Korea 31/0 Anglade 35/0 tabac 18/0 auberge 28/0 OneBest 24/0 13thMoon 33/0 AudioF 125/4
                             IoU moyenne 80.9% (0pt) | erreur debut p50/p90 3/29 s | erreur fin p50/p90 3/38 s
  e5-fixed-ctlL20              294     4      0   82.3%                   0 / 0 / 0pt   Korea 31/0 Anglade 35/0 tabac 18/0 auberge 28/0 OneBest 24/0 13thMoon 33/0 AudioF 125/4
                             IoU moyenne 80.9% (0pt) | erreur debut p50/p90 3/29 s | erreur fin p50/p90 3/38 s
  e5-fixed-t180                293     5      0   84.4%              -1 / +1 / +2.1pt   Korea 31/0 Anglade 34/0 tabac 16/1 auberge 27/0 OneBest 25/0 13thMoon 32/0 AudioF 128/4
                             IoU moyenne 82.9% (+2pt) | erreur debut p50/p90 3/23 s | erreur fin p50/p90 3/38 s
  e5-fixed-t180L20             293     5      0   84.4%              -1 / +1 / +2.1pt   Korea 31/0 Anglade 34/0 tabac 16/1 auberge 27/0 OneBest 25/0 13thMoon 32/0 AudioF 128/4
                             IoU moyenne 82.9% (+2pt) | erreur debut p50/p90 3/23 s | erreur fin p50/p90 3/38 s
  e5-fixed-t200                296     3      0   83.4%              +2 / -1 / +1.1pt   Korea 31/0 Anglade 34/0 tabac 18/0 auberge 29/0 OneBest 24/0 13thMoon 33/0 AudioF 127/3
                             IoU moyenne 82.0% (+1.1pt) | erreur debut p50/p90 3/28 s | erreur fin p50/p90 3/38 s
  e5-fixed-t200L20             296     3      0   83.4%              +2 / -1 / +1.1pt   Korea 31/0 Anglade 34/0 tabac 18/0 auberge 29/0 OneBest 24/0 13thMoon 33/0 AudioF 127/3
                             IoU moyenne 82.0% (+1.1pt) | erreur debut p50/p90 3/28 s | erreur fin p50/p90 3/38 s

==== share 0.0959 N2 a=0.9 ====
  bras                      rappel    fp  bruit    couv    delta ref (rappel/fp/couv)   par session trouves/fp
  e5-fixed-ctl                 304     7      0   90.8%                   0 / 0 / 0pt   Korea 31/0 Anglade 35/0 tabac 20/1 auberge 29/0 OneBest 25/0 13thMoon 34/1 AudioF 130/5
                             IoU moyenne 89.0% (0pt) | erreur debut p50/p90 3/17 s | erreur fin p50/p90 3/13 s
  e5-fixed-ctlL20              304     7      0   90.8%                   0 / 0 / 0pt   Korea 31/0 Anglade 35/0 tabac 20/1 auberge 29/0 OneBest 25/0 13thMoon 34/1 AudioF 130/5
                             IoU moyenne 89.0% (0pt) | erreur debut p50/p90 3/17 s | erreur fin p50/p90 3/13 s
  e5-fixed-t180                308     8      0   91.9%              +4 / +1 / +1.2pt   Korea 31/0 Anglade 35/1 tabac 18/1 auberge 30/0 OneBest 25/0 13thMoon 34/1 AudioF 135/5
                             IoU moyenne 90.0% (+1.1pt) | erreur debut p50/p90 3/13 s | erreur fin p50/p90 3/12 s
  e5-fixed-t180L20             308     8      0   91.9%              +4 / +1 / +1.2pt   Korea 31/0 Anglade 35/1 tabac 18/1 auberge 30/0 OneBest 25/0 13thMoon 34/1 AudioF 135/5
                             IoU moyenne 90.0% (+1.1pt) | erreur debut p50/p90 3/13 s | erreur fin p50/p90 3/12 s
  e5-fixed-t200                309     6      0   91.7%              +5 / -1 / +0.9pt   Korea 31/0 Anglade 35/0 tabac 20/1 auberge 30/0 OneBest 25/0 13thMoon 34/1 AudioF 134/4
                             IoU moyenne 89.9% (+1pt) | erreur debut p50/p90 3/13 s | erreur fin p50/p90 3/12 s
  e5-fixed-t200L20             309     6      0   91.7%              +5 / -1 / +0.9pt   Korea 31/0 Anglade 35/0 tabac 20/1 auberge 30/0 OneBest 25/0 13thMoon 34/1 AudioF 134/4
                             IoU moyenne 89.9% (+1pt) | erreur debut p50/p90 3/13 s | erreur fin p50/p90 3/12 s
==== balayage du plancher ====

==== identity plat=on N2 floor 0.16 ====
  bras                      rappel    fp  bruit    couv    delta ref (rappel/fp/couv)   par session trouves/fp
  e5-floors-ctl                310    22      0   81.0%                   0 / 0 / 0pt   Korea 31/1 Anglade 35/4 tabac 21/5 auberge 29/0 OneBest 25/0 13thMoon 35/1 AudioF 134/11
                             IoU moyenne 80.0% (0pt) | erreur debut p50/p90 4/26 s | erreur fin p50/p90 3/43 s
  e5-floors-ctlL20             310    20      0   81.0%                  0 / -2 / 0pt   Korea 31/1 Anglade 35/2 tabac 21/5 auberge 29/0 OneBest 25/0 13thMoon 35/1 AudioF 134/11
                             IoU moyenne 80.0% (0pt) | erreur debut p50/p90 4/26 s | erreur fin p50/p90 3/43 s
  e5-floors-t180               312    16      0   82.4%              +2 / -6 / +1.4pt   Korea 31/0 Anglade 35/3 tabac 20/4 auberge 29/0 OneBest 25/0 13thMoon 37/1 AudioF 135/8
                             IoU moyenne 81.4% (+1.3pt) | erreur debut p50/p90 4/23 s | erreur fin p50/p90 3/37 s
  e5-floors-t180L20            312    15      0   82.4%              +2 / -7 / +1.4pt   Korea 31/0 Anglade 35/2 tabac 20/4 auberge 29/0 OneBest 25/0 13thMoon 37/1 AudioF 135/8
                             IoU moyenne 81.4% (+1.3pt) | erreur debut p50/p90 4/23 s | erreur fin p50/p90 3/37 s
  e5-floors-t200               315    17      0   81.2%              +5 / -5 / +0.2pt   Korea 31/0 Anglade 35/4 tabac 21/4 auberge 29/0 OneBest 25/0 13thMoon 38/1 AudioF 136/8
                             IoU moyenne 80.2% (+0.2pt) | erreur debut p50/p90 4/24 s | erreur fin p50/p90 3/43 s
  e5-floors-t200L20            315    16      0   81.2%              +5 / -6 / +0.2pt   Korea 31/0 Anglade 35/3 tabac 21/4 auberge 29/0 OneBest 25/0 13thMoon 38/1 AudioF 136/8
                             IoU moyenne 80.2% (+0.2pt) | erreur debut p50/p90 4/24 s | erreur fin p50/p90 3/43 s

==== identity plat=on N2 floor 0.18 ====
  bras                      rappel    fp  bruit    couv    delta ref (rappel/fp/couv)   par session trouves/fp
  e5-floors-ctl                311    20      0   80.6%                   0 / 0 / 0pt   Korea 31/0 Anglade 35/4 tabac 21/5 auberge 29/0 OneBest 25/0 13thMoon 35/1 AudioF 135/10
                             IoU moyenne 79.6% (0pt) | erreur debut p50/p90 4/25 s | erreur fin p50/p90 3/43 s
  e5-floors-ctlL20             311    18      0   80.6%                  0 / -2 / 0pt   Korea 31/0 Anglade 35/2 tabac 21/5 auberge 29/0 OneBest 25/0 13thMoon 35/1 AudioF 135/10
                             IoU moyenne 79.6% (0pt) | erreur debut p50/p90 4/25 s | erreur fin p50/p90 3/43 s
  e5-floors-t180               312    16      0   82.4%              +1 / -4 / +1.9pt   Korea 31/0 Anglade 35/3 tabac 20/4 auberge 29/0 OneBest 25/0 13thMoon 37/1 AudioF 135/8
                             IoU moyenne 81.4% (+1.7pt) | erreur debut p50/p90 4/23 s | erreur fin p50/p90 3/37 s
  e5-floors-t180L20            312    15      0   82.4%              +1 / -5 / +1.9pt   Korea 31/0 Anglade 35/2 tabac 20/4 auberge 29/0 OneBest 25/0 13thMoon 37/1 AudioF 135/8
                             IoU moyenne 81.4% (+1.7pt) | erreur debut p50/p90 4/23 s | erreur fin p50/p90 3/37 s
  e5-floors-t200               315    15      0   81.4%              +4 / -5 / +0.8pt   Korea 31/0 Anglade 35/3 tabac 21/4 auberge 29/0 OneBest 25/0 13thMoon 38/1 AudioF 136/7
                             IoU moyenne 80.4% (+0.8pt) | erreur debut p50/p90 4/23 s | erreur fin p50/p90 3/43 s
  e5-floors-t200L20            315    14      0   81.4%              +4 / -6 / +0.8pt   Korea 31/0 Anglade 35/2 tabac 21/4 auberge 29/0 OneBest 25/0 13thMoon 38/1 AudioF 136/7
                             IoU moyenne 80.4% (+0.8pt) | erreur debut p50/p90 4/23 s | erreur fin p50/p90 3/43 s

==== identity plat=on N2 floor 0.20 ====
  bras                      rappel    fp  bruit    couv    delta ref (rappel/fp/couv)   par session trouves/fp
  e5-floors-ctl                311    20      0   80.4%                   0 / 0 / 0pt   Korea 31/0 Anglade 35/4 tabac 21/5 auberge 29/0 OneBest 25/0 13thMoon 35/1 AudioF 135/10
                             IoU moyenne 79.5% (0pt) | erreur debut p50/p90 4/25 s | erreur fin p50/p90 3/43 s
  e5-floors-ctlL20             311    18      0   80.4%                  0 / -2 / 0pt   Korea 31/0 Anglade 35/2 tabac 21/5 auberge 29/0 OneBest 25/0 13thMoon 35/1 AudioF 135/10
                             IoU moyenne 79.5% (0pt) | erreur debut p50/p90 4/25 s | erreur fin p50/p90 3/43 s
  e5-floors-t180               312    16      0   82.2%              +1 / -4 / +1.8pt   Korea 31/0 Anglade 35/3 tabac 20/4 auberge 29/0 OneBest 25/0 13thMoon 37/1 AudioF 135/8
                             IoU moyenne 81.1% (+1.7pt) | erreur debut p50/p90 4/24 s | erreur fin p50/p90 3/37 s
  e5-floors-t180L20            312    15      0   82.2%              +1 / -5 / +1.8pt   Korea 31/0 Anglade 35/2 tabac 20/4 auberge 29/0 OneBest 25/0 13thMoon 37/1 AudioF 135/8
                             IoU moyenne 81.1% (+1.7pt) | erreur debut p50/p90 4/24 s | erreur fin p50/p90 3/37 s
  e5-floors-t200               315    15      0   81.2%              +4 / -5 / +0.8pt   Korea 31/0 Anglade 35/3 tabac 21/4 auberge 29/0 OneBest 25/0 13thMoon 38/1 AudioF 136/7
                             IoU moyenne 80.2% (+0.8pt) | erreur debut p50/p90 4/23 s | erreur fin p50/p90 3/43 s
  e5-floors-t200L20            315    14      0   81.2%              +4 / -6 / +0.8pt   Korea 31/0 Anglade 35/2 tabac 21/4 auberge 29/0 OneBest 25/0 13thMoon 38/1 AudioF 136/7
                             IoU moyenne 80.2% (+0.8pt) | erreur debut p50/p90 4/23 s | erreur fin p50/p90 3/43 s

==== identity plat=on N2 floor 0.22 ====
  bras                      rappel    fp  bruit    couv    delta ref (rappel/fp/couv)   par session trouves/fp
  e5-floors-ctl                310    19      0   80.2%                   0 / 0 / 0pt   Korea 31/0 Anglade 35/4 tabac 21/4 auberge 28/0 OneBest 25/0 13thMoon 35/1 AudioF 135/10
                             IoU moyenne 79.3% (0pt) | erreur debut p50/p90 4/27 s | erreur fin p50/p90 3/44 s
  e5-floors-ctlL20             310    17      0   80.2%                  0 / -2 / 0pt   Korea 31/0 Anglade 35/2 tabac 21/4 auberge 28/0 OneBest 25/0 13thMoon 35/1 AudioF 135/10
                             IoU moyenne 79.3% (0pt) | erreur debut p50/p90 4/27 s | erreur fin p50/p90 3/44 s
  e5-floors-t180               311    14      0   82.4%              +1 / -5 / +2.2pt   Korea 31/0 Anglade 35/3 tabac 20/4 auberge 28/0 OneBest 25/0 13thMoon 37/1 AudioF 135/6
                             IoU moyenne 81.4% (+2.1pt) | erreur debut p50/p90 4/24 s | erreur fin p50/p90 3/37 s
  e5-floors-t180L20            311    13      0   82.4%              +1 / -6 / +2.2pt   Korea 31/0 Anglade 35/2 tabac 20/4 auberge 28/0 OneBest 25/0 13thMoon 37/1 AudioF 135/6
                             IoU moyenne 81.4% (+2.1pt) | erreur debut p50/p90 4/24 s | erreur fin p50/p90 3/37 s
  e5-floors-t200               312    15      0   81.6%              +2 / -4 / +1.4pt   Korea 31/0 Anglade 35/3 tabac 21/4 auberge 28/0 OneBest 25/0 13thMoon 37/1 AudioF 135/7
                             IoU moyenne 80.6% (+1.4pt) | erreur debut p50/p90 4/22 s | erreur fin p50/p90 3/43 s
  e5-floors-t200L20            312    14      0   81.6%              +2 / -5 / +1.4pt   Korea 31/0 Anglade 35/2 tabac 21/4 auberge 28/0 OneBest 25/0 13thMoon 37/1 AudioF 135/7
                             IoU moyenne 80.6% (+1.4pt) | erreur debut p50/p90 4/22 s | erreur fin p50/p90 3/43 s

==== identity plat=on N2 floor 0.24 ====
  bras                      rappel    fp  bruit    couv    delta ref (rappel/fp/couv)   par session trouves/fp
  e5-floors-ctl                307    17      0   80.3%                   0 / 0 / 0pt   Korea 31/0 Anglade 35/3 tabac 21/4 auberge 27/0 OneBest 25/0 13thMoon 33/1 AudioF 135/9
                             IoU moyenne 79.4% (0pt) | erreur debut p50/p90 4/28 s | erreur fin p50/p90 3/44 s
  e5-floors-ctlL20             307    16      0   80.3%                  0 / -1 / 0pt   Korea 31/0 Anglade 35/2 tabac 21/4 auberge 27/0 OneBest 25/0 13thMoon 33/1 AudioF 135/9
                             IoU moyenne 79.4% (0pt) | erreur debut p50/p90 4/28 s | erreur fin p50/p90 3/44 s
  e5-floors-t180               307    13      0   82.8%               0 / -4 / +2.6pt   Korea 31/0 Anglade 35/2 tabac 20/4 auberge 27/0 OneBest 25/0 13thMoon 34/1 AudioF 135/6
                             IoU moyenne 81.8% (+2.5pt) | erreur debut p50/p90 4/24 s | erreur fin p50/p90 3/37 s
  e5-floors-t180L20            307    13      0   82.8%               0 / -4 / +2.6pt   Korea 31/0 Anglade 35/2 tabac 20/4 auberge 27/0 OneBest 25/0 13thMoon 34/1 AudioF 135/6
                             IoU moyenne 81.8% (+2.5pt) | erreur debut p50/p90 4/24 s | erreur fin p50/p90 3/37 s
  e5-floors-t200               310    14      0   81.3%              +3 / -3 / +1.1pt   Korea 31/0 Anglade 35/2 tabac 21/4 auberge 28/0 OneBest 25/0 13thMoon 35/1 AudioF 135/7
                             IoU moyenne 80.4% (+1.1pt) | erreur debut p50/p90 4/24 s | erreur fin p50/p90 3/43 s
  e5-floors-t200L20            310    14      0   81.3%              +3 / -3 / +1.1pt   Korea 31/0 Anglade 35/2 tabac 21/4 auberge 28/0 OneBest 25/0 13thMoon 35/1 AudioF 135/7
                             IoU moyenne 80.4% (+1.1pt) | erreur debut p50/p90 4/24 s | erreur fin p50/p90 3/43 s

==== identity plat=on N2 floor 0.26 ====
  bras                      rappel    fp  bruit    couv    delta ref (rappel/fp/couv)   par session trouves/fp
  e5-floors-ctl                305    15      0   80.1%                   0 / 0 / 0pt   Korea 31/0 Anglade 35/2 tabac 20/3 auberge 27/0 OneBest 25/0 13thMoon 32/1 AudioF 135/9
                             IoU moyenne 79.2% (0pt) | erreur debut p50/p90 4/28 s | erreur fin p50/p90 3/49 s
  e5-floors-ctlL20             305    14      0   80.1%                  0 / -1 / 0pt   Korea 31/0 Anglade 35/1 tabac 20/3 auberge 27/0 OneBest 25/0 13thMoon 32/1 AudioF 135/9
                             IoU moyenne 79.2% (0pt) | erreur debut p50/p90 4/28 s | erreur fin p50/p90 3/49 s
  e5-floors-t180               307    12      0   82.4%              +2 / -3 / +2.3pt   Korea 31/0 Anglade 35/2 tabac 20/3 auberge 27/0 OneBest 25/0 13thMoon 34/1 AudioF 135/6
                             IoU moyenne 81.4% (+2.2pt) | erreur debut p50/p90 4/26 s | erreur fin p50/p90 3/37 s
  e5-floors-t180L20            307    12      0   82.4%              +2 / -3 / +2.3pt   Korea 31/0 Anglade 35/2 tabac 20/3 auberge 27/0 OneBest 25/0 13thMoon 34/1 AudioF 135/6
                             IoU moyenne 81.4% (+2.2pt) | erreur debut p50/p90 4/26 s | erreur fin p50/p90 3/37 s
  e5-floors-t200               308    11      0   81.4%              +3 / -4 / +1.3pt   Korea 31/0 Anglade 35/1 tabac 21/2 auberge 28/0 OneBest 25/0 13thMoon 33/1 AudioF 135/7
                             IoU moyenne 80.5% (+1.3pt) | erreur debut p50/p90 4/24 s | erreur fin p50/p90 3/43 s
  e5-floors-t200L20            308    11      0   81.4%              +3 / -4 / +1.3pt   Korea 31/0 Anglade 35/1 tabac 21/2 auberge 28/0 OneBest 25/0 13thMoon 33/1 AudioF 135/7
                             IoU moyenne 80.5% (+1.3pt) | erreur debut p50/p90 4/24 s | erreur fin p50/p90 3/43 s

==== identity plat=on N2 floor 0.28 ====
  bras                      rappel    fp  bruit    couv    delta ref (rappel/fp/couv)   par session trouves/fp
  e5-floors-ctl                303    14      0   79.5%                   0 / 0 / 0pt   Korea 31/0 Anglade 35/2 tabac 20/3 auberge 27/0 OneBest 25/0 13thMoon 31/1 AudioF 134/8
                             IoU moyenne 78.6% (0pt) | erreur debut p50/p90 4/29 s | erreur fin p50/p90 3/49 s
  e5-floors-ctlL20             303    13      0   79.5%                  0 / -1 / 0pt   Korea 31/0 Anglade 35/1 tabac 20/3 auberge 27/0 OneBest 25/0 13thMoon 31/1 AudioF 134/8
                             IoU moyenne 78.6% (0pt) | erreur debut p50/p90 4/29 s | erreur fin p50/p90 3/49 s
  e5-floors-t180               305    11      0   82.4%              +2 / -3 / +2.9pt   Korea 31/0 Anglade 35/2 tabac 20/2 auberge 27/0 OneBest 25/0 13thMoon 32/1 AudioF 135/6
                             IoU moyenne 81.4% (+2.8pt) | erreur debut p50/p90 4/26 s | erreur fin p50/p90 3/39 s
  e5-floors-t180L20            305    11      0   82.4%              +2 / -3 / +2.9pt   Korea 31/0 Anglade 35/2 tabac 20/2 auberge 27/0 OneBest 25/0 13thMoon 32/1 AudioF 135/6
                             IoU moyenne 81.4% (+2.8pt) | erreur debut p50/p90 4/26 s | erreur fin p50/p90 3/39 s
  e5-floors-t200               306    11      0   80.2%              +3 / -3 / +0.7pt   Korea 31/0 Anglade 35/1 tabac 20/2 auberge 28/0 OneBest 25/0 13thMoon 32/1 AudioF 135/7
                             IoU moyenne 79.3% (+0.7pt) | erreur debut p50/p90 4/27 s | erreur fin p50/p90 3/44 s
  e5-floors-t200L20            306    11      0   80.2%              +3 / -3 / +0.7pt   Korea 31/0 Anglade 35/1 tabac 20/2 auberge 28/0 OneBest 25/0 13thMoon 32/1 AudioF 135/7
                             IoU moyenne 79.3% (+0.7pt) | erreur debut p50/p90 4/27 s | erreur fin p50/p90 3/44 s

==== identity plat=on N2 floor 0.30 ====
  bras                      rappel    fp  bruit    couv    delta ref (rappel/fp/couv)   par session trouves/fp
  e5-floors-ctl                298    14      0   79.9%                   0 / 0 / 0pt   Korea 31/0 Anglade 35/2 tabac 20/3 auberge 27/0 OneBest 25/0 13thMoon 30/1 AudioF 130/8
                             IoU moyenne 79.1% (0pt) | erreur debut p50/p90 4/30 s | erreur fin p50/p90 3/41 s
  e5-floors-ctlL20             298    13      0   79.9%                  0 / -1 / 0pt   Korea 31/0 Anglade 35/1 tabac 20/3 auberge 27/0 OneBest 25/0 13thMoon 30/1 AudioF 130/8
                             IoU moyenne 79.1% (0pt) | erreur debut p50/p90 4/30 s | erreur fin p50/p90 3/41 s
  e5-floors-t180               299    10      0   81.9%                +1 / -4 / +2pt   Korea 31/0 Anglade 35/1 tabac 19/2 auberge 27/0 OneBest 25/0 13thMoon 31/1 AudioF 131/6
                             IoU moyenne 81.0% (+1.9pt) | erreur debut p50/p90 4/27 s | erreur fin p50/p90 3/47 s
  e5-floors-t180L20            299    10      0   81.9%                +1 / -4 / +2pt   Korea 31/0 Anglade 35/1 tabac 19/2 auberge 27/0 OneBest 25/0 13thMoon 31/1 AudioF 131/6
                             IoU moyenne 81.0% (+1.9pt) | erreur debut p50/p90 4/27 s | erreur fin p50/p90 3/47 s
  e5-floors-t200               301    11      0   80.6%              +3 / -3 / +0.7pt   Korea 31/0 Anglade 35/1 tabac 20/2 auberge 28/0 OneBest 25/0 13thMoon 31/1 AudioF 131/7
                             IoU moyenne 79.7% (+0.7pt) | erreur debut p50/p90 4/27 s | erreur fin p50/p90 3/44 s
  e5-floors-t200L20            301    11      0   80.6%              +3 / -3 / +0.7pt   Korea 31/0 Anglade 35/1 tabac 20/2 auberge 28/0 OneBest 25/0 13thMoon 31/1 AudioF 131/7
                             IoU moyenne 79.7% (+0.7pt) | erreur debut p50/p90 4/27 s | erreur fin p50/p90 3/44 s

==== identity plat=on N2 floor 0.32 ====
  bras                      rappel    fp  bruit    couv    delta ref (rappel/fp/couv)   par session trouves/fp
  e5-floors-ctl                291    12      0   80.3%                   0 / 0 / 0pt   Korea 31/0 Anglade 35/2 tabac 20/1 auberge 26/0 OneBest 25/0 13thMoon 29/1 AudioF 125/8
                             IoU moyenne 79.5% (0pt) | erreur debut p50/p90 4/32 s | erreur fin p50/p90 3/36 s
  e5-floors-ctlL20             291    11      0   80.3%                  0 / -1 / 0pt   Korea 31/0 Anglade 35/1 tabac 20/1 auberge 26/0 OneBest 25/0 13thMoon 29/1 AudioF 125/8
                             IoU moyenne 79.5% (0pt) | erreur debut p50/p90 4/32 s | erreur fin p50/p90 3/36 s
  e5-floors-t180               296     8      0   81.5%              +5 / -4 / +1.3pt   Korea 31/0 Anglade 35/0 tabac 19/1 auberge 27/0 OneBest 25/0 13thMoon 29/1 AudioF 130/6
                             IoU moyenne 80.6% (+1.2pt) | erreur debut p50/p90 4/28 s | erreur fin p50/p90 3/44 s
  e5-floors-t180L20            296     8      0   81.5%              +5 / -4 / +1.3pt   Korea 31/0 Anglade 35/0 tabac 19/1 auberge 27/0 OneBest 25/0 13thMoon 29/1 AudioF 130/6
                             IoU moyenne 80.6% (+1.2pt) | erreur debut p50/p90 4/28 s | erreur fin p50/p90 3/44 s
  e5-floors-t200               291    10      0   82.4%               0 / -2 / +2.2pt   Korea 31/0 Anglade 35/1 tabac 20/1 auberge 26/0 OneBest 25/0 13thMoon 29/1 AudioF 125/7
                             IoU moyenne 81.5% (+2pt) | erreur debut p50/p90 4/27 s | erreur fin p50/p90 3/37 s
  e5-floors-t200L20            291    10      0   82.4%               0 / -2 / +2.2pt   Korea 31/0 Anglade 35/1 tabac 20/1 auberge 26/0 OneBest 25/0 13thMoon 29/1 AudioF 125/7
                             IoU moyenne 81.5% (+2pt) | erreur debut p50/p90 4/27 s | erreur fin p50/p90 3/37 s
==== configurations temporelles (plancher d absence) ====

==== production ====
  bras                      rappel    fp  bruit    couv    delta ref (rappel/fp/couv)   par session trouves/fp
  e5-temporal-ctl              311    20      0   80.4%                   0 / 0 / 0pt   Korea 31/0 Anglade 35/4 tabac 21/5 auberge 29/0 OneBest 25/0 13thMoon 35/1 AudioF 135/10
                             IoU moyenne 79.5% (0pt) | erreur debut p50/p90 4/25 s | erreur fin p50/p90 3/43 s
  e5-temporal-ctlL20           311    18      0   80.4%                  0 / -2 / 0pt   Korea 31/0 Anglade 35/2 tabac 21/5 auberge 29/0 OneBest 25/0 13thMoon 35/1 AudioF 135/10
                             IoU moyenne 79.5% (0pt) | erreur debut p50/p90 4/25 s | erreur fin p50/p90 3/43 s
  e5-temporal-t180             312    16      0   82.2%              +1 / -4 / +1.8pt   Korea 31/0 Anglade 35/3 tabac 20/4 auberge 29/0 OneBest 25/0 13thMoon 37/1 AudioF 135/8
                             IoU moyenne 81.1% (+1.7pt) | erreur debut p50/p90 4/24 s | erreur fin p50/p90 3/37 s
  e5-temporal-t180L20          312    15      0   82.2%              +1 / -5 / +1.8pt   Korea 31/0 Anglade 35/2 tabac 20/4 auberge 29/0 OneBest 25/0 13thMoon 37/1 AudioF 135/8
                             IoU moyenne 81.1% (+1.7pt) | erreur debut p50/p90 4/24 s | erreur fin p50/p90 3/37 s
  e5-temporal-t200             315    15      0   81.2%              +4 / -5 / +0.8pt   Korea 31/0 Anglade 35/3 tabac 21/4 auberge 29/0 OneBest 25/0 13thMoon 38/1 AudioF 136/7
                             IoU moyenne 80.2% (+0.8pt) | erreur debut p50/p90 4/23 s | erreur fin p50/p90 3/43 s
  e5-temporal-t200L20          315    14      0   81.2%              +4 / -6 / +0.8pt   Korea 31/0 Anglade 35/2 tabac 21/4 auberge 29/0 OneBest 25/0 13thMoon 38/1 AudioF 136/7
                             IoU moyenne 80.2% (+0.8pt) | erreur debut p50/p90 4/23 s | erreur fin p50/p90 3/43 s

==== production a=0.75 ====
  bras                      rappel    fp  bruit    couv    delta ref (rappel/fp/couv)   par session trouves/fp
  e5-temporal-ctl              314    18      0   86.1%                   0 / 0 / 0pt   Korea 31/0 Anglade 35/4 tabac 23/5 auberge 30/1 OneBest 25/0 13thMoon 36/1 AudioF 134/7
                             IoU moyenne 85.0% (0pt) | erreur debut p50/p90 3/19 s | erreur fin p50/p90 3/18 s
  e5-temporal-ctlL20           314    16      0   86.1%                  0 / -2 / 0pt   Korea 31/0 Anglade 35/2 tabac 23/5 auberge 30/1 OneBest 25/0 13thMoon 36/1 AudioF 134/7
                             IoU moyenne 85.0% (0pt) | erreur debut p50/p90 3/19 s | erreur fin p50/p90 3/18 s
  e5-temporal-t180             315    14      0   87.7%              +1 / -4 / +1.6pt   Korea 31/0 Anglade 35/3 tabac 21/5 auberge 30/0 OneBest 25/0 13thMoon 38/1 AudioF 135/5
                             IoU moyenne 86.4% (+1.4pt) | erreur debut p50/p90 3/18 s | erreur fin p50/p90 3/17 s
  e5-temporal-t180L20          315    13      0   87.7%              +1 / -5 / +1.6pt   Korea 31/0 Anglade 35/2 tabac 21/5 auberge 30/0 OneBest 25/0 13thMoon 38/1 AudioF 135/5
                             IoU moyenne 86.4% (+1.4pt) | erreur debut p50/p90 3/18 s | erreur fin p50/p90 3/17 s
  e5-temporal-t200             318    14      0   86.7%              +4 / -4 / +0.6pt   Korea 31/0 Anglade 35/3 tabac 22/4 auberge 30/0 OneBest 25/0 13thMoon 38/2 AudioF 137/5
                             IoU moyenne 85.6% (+0.6pt) | erreur debut p50/p90 3/18 s | erreur fin p50/p90 3/17 s
  e5-temporal-t200L20          318    13      0   86.7%              +4 / -5 / +0.6pt   Korea 31/0 Anglade 35/2 tabac 22/4 auberge 30/0 OneBest 25/0 13thMoon 38/2 AudioF 137/5
                             IoU moyenne 85.6% (+0.6pt) | erreur debut p50/p90 3/18 s | erreur fin p50/p90 3/17 s

==== production a=0.8 ====
  bras                      rappel    fp  bruit    couv    delta ref (rappel/fp/couv)   par session trouves/fp
  e5-temporal-ctl              315    19      0   87.7%                   0 / 0 / 0pt   Korea 31/0 Anglade 35/4 tabac 23/6 auberge 30/1 OneBest 25/0 13thMoon 37/1 AudioF 134/7
                             IoU moyenne 86.5% (0pt) | erreur debut p50/p90 3/18 s | erreur fin p50/p90 3/17 s
  e5-temporal-ctlL20           315    16      0   87.7%                  0 / -3 / 0pt   Korea 31/0 Anglade 35/2 tabac 23/5 auberge 30/1 OneBest 25/0 13thMoon 37/1 AudioF 134/7
                             IoU moyenne 86.5% (-0.1pt) | erreur debut p50/p90 3/18 s | erreur fin p50/p90 3/17 s
  e5-temporal-t180             318    13      0   89.1%              +3 / -6 / +1.4pt   Korea 31/0 Anglade 35/3 tabac 22/4 auberge 30/0 OneBest 25/0 13thMoon 39/1 AudioF 136/5
                             IoU moyenne 87.7% (+1.1pt) | erreur debut p50/p90 3/18 s | erreur fin p50/p90 3/17 s
  e5-temporal-t180L20          318    13      0   89.1%              +3 / -6 / +1.4pt   Korea 31/0 Anglade 35/2 tabac 22/5 auberge 30/0 OneBest 25/0 13thMoon 39/1 AudioF 136/5
                             IoU moyenne 87.6% (+1pt) | erreur debut p50/p90 3/18 s | erreur fin p50/p90 3/17 s
  e5-temporal-t200             319    15      0   88.3%              +4 / -4 / +0.7pt   Korea 31/0 Anglade 35/3 tabac 22/5 auberge 30/0 OneBest 25/0 13thMoon 39/1 AudioF 137/6
                             IoU moyenne 87.0% (+0.5pt) | erreur debut p50/p90 3/14 s | erreur fin p50/p90 3/17 s
  e5-temporal-t200L20          319    13      0   88.3%              +4 / -6 / +0.7pt   Korea 31/0 Anglade 35/2 tabac 22/5 auberge 30/0 OneBest 25/0 13thMoon 39/1 AudioF 137/5
                             IoU moyenne 87.0% (+0.4pt) | erreur debut p50/p90 3/14 s | erreur fin p50/p90 3/17 s

==== production N=3 a=0.75 ====
  bras                      rappel    fp  bruit    couv    delta ref (rappel/fp/couv)   par session trouves/fp
  e5-temporal-ctl              306     7      0   87.8%                   0 / 0 / 0pt   Korea 31/0 Anglade 35/1 tabac 21/1 auberge 28/0 OneBest 25/0 13thMoon 34/1 AudioF 132/4
                             IoU moyenne 86.6% (0pt) | erreur debut p50/p90 3/18 s | erreur fin p50/p90 3/16 s
  e5-temporal-ctlL20           306     7      0   87.8%                   0 / 0 / 0pt   Korea 31/0 Anglade 35/1 tabac 21/1 auberge 28/0 OneBest 25/0 13thMoon 34/1 AudioF 132/4
                             IoU moyenne 86.6% (0pt) | erreur debut p50/p90 3/18 s | erreur fin p50/p90 3/16 s
  e5-temporal-t180             307     7      0   89.4%               +1 / 0 / +1.6pt   Korea 31/0 Anglade 35/1 tabac 19/2 auberge 30/0 OneBest 25/0 13thMoon 34/1 AudioF 133/3
                             IoU moyenne 88.1% (+1.4pt) | erreur debut p50/p90 3/17 s | erreur fin p50/p90 3/15 s
  e5-temporal-t180L20          307     7      0   89.4%               +1 / 0 / +1.6pt   Korea 31/0 Anglade 35/1 tabac 19/2 auberge 30/0 OneBest 25/0 13thMoon 34/1 AudioF 133/3
                             IoU moyenne 88.1% (+1.4pt) | erreur debut p50/p90 3/17 s | erreur fin p50/p90 3/15 s
  e5-temporal-t200             307     7      0   89.0%               +1 / 0 / +1.2pt   Korea 31/0 Anglade 35/1 tabac 20/2 auberge 29/0 OneBest 25/0 13thMoon 34/1 AudioF 133/3
                             IoU moyenne 87.8% (+1.2pt) | erreur debut p50/p90 3/14 s | erreur fin p50/p90 3/15 s
  e5-temporal-t200L20          307     7      0   89.0%               +1 / 0 / +1.2pt   Korea 31/0 Anglade 35/1 tabac 20/2 auberge 29/0 OneBest 25/0 13thMoon 34/1 AudioF 133/3
                             IoU moyenne 87.8% (+1.2pt) | erreur debut p50/p90 3/14 s | erreur fin p50/p90 3/15 s

==== production floor0.22 a=0.75 ====
  bras                      rappel    fp  bruit    couv    delta ref (rappel/fp/couv)   par session trouves/fp
  e5-temporal-ctl              312    17      0   86.1%                   0 / 0 / 0pt   Korea 31/0 Anglade 35/4 tabac 23/4 auberge 28/1 OneBest 25/0 13thMoon 36/1 AudioF 134/7
                             IoU moyenne 85.0% (0pt) | erreur debut p50/p90 3/19 s | erreur fin p50/p90 3/18 s
  e5-temporal-ctlL20           312    15      0   86.1%                  0 / -2 / 0pt   Korea 31/0 Anglade 35/2 tabac 23/4 auberge 28/1 OneBest 25/0 13thMoon 36/1 AudioF 134/7
                             IoU moyenne 85.0% (0pt) | erreur debut p50/p90 3/19 s | erreur fin p50/p90 3/18 s
  e5-temporal-t180             314    13      0   87.1%              +2 / -4 / +1.1pt   Korea 31/0 Anglade 35/3 tabac 21/5 auberge 29/0 OneBest 25/0 13thMoon 38/1 AudioF 135/4
                             IoU moyenne 85.9% (+0.9pt) | erreur debut p50/p90 3/18 s | erreur fin p50/p90 3/18 s
  e5-temporal-t180L20          314    12      0   87.1%              +2 / -5 / +1.1pt   Korea 31/0 Anglade 35/2 tabac 21/5 auberge 29/0 OneBest 25/0 13thMoon 38/1 AudioF 135/4
                             IoU moyenne 85.9% (+0.9pt) | erreur debut p50/p90 3/18 s | erreur fin p50/p90 3/18 s
  e5-temporal-t200             315    14      0   87.1%                +3 / -3 / +1pt   Korea 31/0 Anglade 35/3 tabac 22/4 auberge 28/0 OneBest 25/0 13thMoon 38/2 AudioF 136/5
                             IoU moyenne 85.9% (+1pt) | erreur debut p50/p90 3/17 s | erreur fin p50/p90 3/17 s
  e5-temporal-t200L20          315    13      0   87.1%                +3 / -4 / +1pt   Korea 31/0 Anglade 35/2 tabac 22/4 auberge 28/0 OneBest 25/0 13thMoon 38/2 AudioF 136/5
                             IoU moyenne 85.9% (+1pt) | erreur debut p50/p90 3/17 s | erreur fin p50/p90 3/17 s

==== production floor0.24 a=0.75 ====
  bras                      rappel    fp  bruit    couv    delta ref (rappel/fp/couv)   par session trouves/fp
  e5-temporal-ctl              309    15      0   86.1%                   0 / 0 / 0pt   Korea 31/0 Anglade 35/3 tabac 22/4 auberge 27/1 OneBest 25/0 13thMoon 35/1 AudioF 134/6
                             IoU moyenne 85.0% (0pt) | erreur debut p50/p90 3/19 s | erreur fin p50/p90 3/18 s
  e5-temporal-ctlL20           309    14      0   86.1%                  0 / -1 / 0pt   Korea 31/0 Anglade 35/2 tabac 22/4 auberge 27/1 OneBest 25/0 13thMoon 35/1 AudioF 134/6
                             IoU moyenne 85.0% (0pt) | erreur debut p50/p90 3/19 s | erreur fin p50/p90 3/18 s
  e5-temporal-t180             311    12      0   87.3%              +2 / -3 / +1.2pt   Korea 31/0 Anglade 35/2 tabac 21/5 auberge 28/0 OneBest 25/0 13thMoon 36/1 AudioF 135/4
                             IoU moyenne 86.1% (+1.1pt) | erreur debut p50/p90 3/17 s | erreur fin p50/p90 3/17 s
  e5-temporal-t180L20          311    12      0   87.3%              +2 / -3 / +1.2pt   Korea 31/0 Anglade 35/2 tabac 21/5 auberge 28/0 OneBest 25/0 13thMoon 36/1 AudioF 135/4
                             IoU moyenne 86.1% (+1.1pt) | erreur debut p50/p90 3/17 s | erreur fin p50/p90 3/17 s
  e5-temporal-t200             313    12      0   86.9%              +4 / -3 / +0.8pt   Korea 31/0 Anglade 35/2 tabac 22/4 auberge 28/0 OneBest 25/0 13thMoon 37/1 AudioF 135/5
                             IoU moyenne 85.8% (+0.8pt) | erreur debut p50/p90 3/14 s | erreur fin p50/p90 3/18 s
  e5-temporal-t200L20          313    12      0   86.9%              +4 / -3 / +0.8pt   Korea 31/0 Anglade 35/2 tabac 22/4 auberge 28/0 OneBest 25/0 13thMoon 37/1 AudioF 135/5
                             IoU moyenne 85.8% (+0.8pt) | erreur debut p50/p90 3/14 s | erreur fin p50/p90 3/18 s

==== production floor0.26 a=0.75 ====
  bras                      rappel    fp  bruit    couv    delta ref (rappel/fp/couv)   par session trouves/fp
  e5-temporal-ctl              309    13      0   85.4%                   0 / 0 / 0pt   Korea 31/0 Anglade 35/2 tabac 22/3 auberge 27/1 OneBest 25/0 13thMoon 35/1 AudioF 134/6
                             IoU moyenne 84.3% (0pt) | erreur debut p50/p90 3/19 s | erreur fin p50/p90 3/20 s
  e5-temporal-ctlL20           309    12      0   85.4%                  0 / -1 / 0pt   Korea 31/0 Anglade 35/1 tabac 22/3 auberge 27/1 OneBest 25/0 13thMoon 35/1 AudioF 134/6
                             IoU moyenne 84.3% (0pt) | erreur debut p50/p90 3/19 s | erreur fin p50/p90 3/20 s
  e5-temporal-t180             309    11      0   87.0%               0 / -2 / +1.6pt   Korea 31/0 Anglade 35/2 tabac 20/4 auberge 28/0 OneBest 25/0 13thMoon 35/1 AudioF 135/4
                             IoU moyenne 85.8% (+1.5pt) | erreur debut p50/p90 3/18 s | erreur fin p50/p90 3/18 s
  e5-temporal-t180L20          309    11      0   87.0%               0 / -2 / +1.6pt   Korea 31/0 Anglade 35/2 tabac 20/4 auberge 28/0 OneBest 25/0 13thMoon 35/1 AudioF 135/4
                             IoU moyenne 85.8% (+1.5pt) | erreur debut p50/p90 3/18 s | erreur fin p50/p90 3/18 s
  e5-temporal-t200             312    10      0   86.2%              +3 / -3 / +0.9pt   Korea 31/0 Anglade 35/1 tabac 22/3 auberge 28/0 OneBest 25/0 13thMoon 36/1 AudioF 135/5
                             IoU moyenne 85.1% (+0.8pt) | erreur debut p50/p90 3/18 s | erreur fin p50/p90 3/18 s
  e5-temporal-t200L20          312    10      0   86.2%              +3 / -3 / +0.9pt   Korea 31/0 Anglade 35/1 tabac 22/3 auberge 28/0 OneBest 25/0 13thMoon 36/1 AudioF 135/5
                             IoU moyenne 85.1% (+0.8pt) | erreur debut p50/p90 3/18 s | erreur fin p50/p90 3/18 s
