wasm C:\Perso\IrishMusicExperiments\folkfriend-src\rust\pkg-node-tempo | tempo 60..320 | out C:\Perso\IrishMusicExperiments\Cadence\experiments\ranking-study\v3\fixtures-t320
[tuneIndex] using cached copy at C:\Perso\IrishMusicExperiments\Cadence\experiments\noise-study\.cache\tune-index.json
  [20260523_1_matin_Anglade] 200/1060 (69s)
  [20260523_1_matin_Anglade] 400/1060 (123s)
  [20260523_1_matin_Anglade] 600/1060 (179s)
  [20260523_1_matin_Anglade] 800/1060 (232s)
  [20260523_1_matin_Anglade] 1000/1060 (285s)
  [20260523_1_matin_Anglade] 1060/1060 (301s)
  wrote 20260523_1_matin_Anglade in 302s
  [20260523_2_aprem_tabac] 200/1017 (84s)
  [20260523_2_aprem_tabac] 400/1017 (158s)
  [20260523_2_aprem_tabac] 600/1017 (240s)
  [20260523_2_aprem_tabac] 800/1017 (316s)
  [20260523_2_aprem_tabac] 1000/1017 (383s)
  [20260523_2_aprem_tabac] 1017/1017 (390s)
  wrote 20260523_2_aprem_tabac in 390s
  [20260523_5_auberge_fleur] 200/983 (71s)
  [20260523_5_auberge_fleur] 400/983 (127s)
  [20260523_5_auberge_fleur] 600/983 (189s)
  [20260523_5_auberge_fleur] 800/983 (261s)
  [20260523_5_auberge_fleur] 983/983 (328s)
  wrote 20260523_5_auberge_fleurie in 328s
  [One_of_the_Best_Traditio] 200/435 (76s)
  [One_of_the_Best_Traditio] 400/435 (147s)
  [One_of_the_Best_Traditio] 435/435 (159s)
  wrote One_of_the_Best_Traditional_Irish_Music_Sessions_Longer_Video in 159s
  [732984_11910076-lq] 200/338 (74s)
  [732984_11910076-lq] 338/338 (120s)
  wrote 732984_11910076-lq in 120s
  [13th_Moon_Gravity_Well_-] 200/956 (92s)
  [13th_Moon_Gravity_Well_-] 400/956 (156s)
  [13th_Moon_Gravity_Well_-] 600/956 (218s)
  [13th_Moon_Gravity_Well_-] 800/956 (285s)
  [13th_Moon_Gravity_Well_-] 956/956 (325s)
  wrote 13th_Moon_Gravity_Well_-_Irish_Trad_Session_2024_01_24 in 325s
  [1Hour_Trad_Irish_Music_S] 200/779 (52s)
  [1Hour_Trad_Irish_Music_S] 400/779 (95s)
  [1Hour_Trad_Irish_Music_S] 600/779 (134s)
  [1Hour_Trad_Irish_Music_S] 779/779 (169s)
  wrote 1Hour_Trad_Irish_Music_Session_in_Korea in 169s
