wasm C:\Perso\IrishMusicExperiments\folkfriend-src\rust\pkg-node-knobs2 | tempo 60..200 | stride 1 | octave 0.4 | calls [{"m":"set_num_repass","args":[8000]}] | out C:\Perso\IrishMusicExperiments\Cadence\experiments\ranking-study\v3\fixtures-t200-rep8000
[tuneIndex] using cached copy at C:\Perso\IrishMusicExperiments\Cadence\experiments\noise-study\.cache\tune-index.json
  [20260523_1_matin_Anglade] 200/1060 (58s)
  [20260523_1_matin_Anglade] 400/1060 (118s)
  [20260523_1_matin_Anglade] 600/1060 (182s)
  [20260523_1_matin_Anglade] 800/1060 (250s)
  [20260523_1_matin_Anglade] 1000/1060 (321s)
  [20260523_1_matin_Anglade] 1060/1060 (344s)
  wrote 20260523_1_matin_Anglade in 344s
  [20260523_2_aprem_tabac] 200/1017 (92s)
  [20260523_2_aprem_tabac] 400/1017 (165s)
  [20260523_2_aprem_tabac] 600/1017 (244s)
  [20260523_2_aprem_tabac] 800/1017 (321s)
  [20260523_2_aprem_tabac] 1000/1017 (385s)
  [20260523_2_aprem_tabac] 1017/1017 (390s)
  wrote 20260523_2_aprem_tabac in 390s
  [20260523_5_auberge_fleur] 200/983 (71s)
  [20260523_5_auberge_fleur] 400/983 (131s)
  [20260523_5_auberge_fleur] 600/983 (189s)
  [20260523_5_auberge_fleur] 800/983 (246s)
  [20260523_5_auberge_fleur] 983/983 (297s)
  wrote 20260523_5_auberge_fleurie in 297s
  [732984_11910076-lq] 200/338 (49s)
  [732984_11910076-lq] 338/338 (80s)
  wrote 732984_11910076-lq in 80s
