wasm C:\Perso\IrishMusicExperiments\folkfriend-src\rust\pkg-node-knobs2 | tempo 60..240 | stride 1 | octave 0.4 | calls [{"m":"set_num_repass","args":[4000]}] | out C:\Perso\IrishMusicExperiments\Cadence\experiments\ranking-study\v3\fixtures-rep4000
[tuneIndex] using cached copy at C:\Perso\IrishMusicExperiments\Cadence\experiments\noise-study\.cache\tune-index.json
  [20260523_1_matin_Anglade] 200/1060 (67s)
  [20260523_1_matin_Anglade] 400/1060 (118s)
  [20260523_1_matin_Anglade] 600/1060 (171s)
  [20260523_1_matin_Anglade] 800/1060 (223s)
  [20260523_1_matin_Anglade] 1000/1060 (280s)
  [20260523_1_matin_Anglade] 1060/1060 (296s)
  wrote 20260523_1_matin_Anglade in 296s
  [20260523_2_aprem_tabac] 200/1017 (64s)
  [20260523_2_aprem_tabac] 400/1017 (110s)
  [20260523_2_aprem_tabac] 600/1017 (159s)
  [20260523_2_aprem_tabac] 800/1017 (205s)
  [20260523_2_aprem_tabac] 1000/1017 (242s)
  [20260523_2_aprem_tabac] 1017/1017 (245s)
  wrote 20260523_2_aprem_tabac in 246s
  [20260523_5_auberge_fleur] 200/983 (64s)
  [20260523_5_auberge_fleur] 400/983 (115s)
  [20260523_5_auberge_fleur] 600/983 (163s)
  [20260523_5_auberge_fleur] 800/983 (211s)
  [20260523_5_auberge_fleur] 983/983 (255s)
  wrote 20260523_5_auberge_fleurie in 255s
  [One_of_the_Best_Traditio] 200/435 (51s)
  [One_of_the_Best_Traditio] 400/435 (92s)
  [One_of_the_Best_Traditio] 435/435 (99s)
  wrote One_of_the_Best_Traditional_Irish_Music_Sessions_Longer_Video in 99s
  [732984_11910076-lq] 200/338 (41s)
  [732984_11910076-lq] 338/338 (66s)
  wrote 732984_11910076-lq in 66s
  [13th_Moon_Gravity_Well_-] 200/956 (55s)
  [13th_Moon_Gravity_Well_-] 400/956 (88s)
  [13th_Moon_Gravity_Well_-] 600/956 (123s)
  [13th_Moon_Gravity_Well_-] 800/956 (160s)
  [13th_Moon_Gravity_Well_-] 956/956 (189s)
  wrote 13th_Moon_Gravity_Well_-_Irish_Trad_Session_2024_01_24 in 189s
  [1Hour_Trad_Irish_Music_S] 200/779 (36s)
  [1Hour_Trad_Irish_Music_S] 400/779 (68s)
  [1Hour_Trad_Irish_Music_S] 600/779 (97s)
  [1Hour_Trad_Irish_Music_S] 779/779 (122s)
  wrote 1Hour_Trad_Irish_Music_Session_in_Korea in 123s
