wasm C:\Perso\IrishMusicExperiments\folkfriend-src\rust\pkg-node-knobs2 | tempo 60..180 | stride 2 | octave 0.4 | calls [{"m":"set_num_repass","args":[4000]}] | out C:\Perso\IrishMusicExperiments\Cadence\experiments\ranking-study\v3\screen-t180-rep4000
[tuneIndex] using cached copy at C:\Perso\IrishMusicExperiments\Cadence\experiments\noise-study\.cache\tune-index.json
  [20260523_1_matin_Anglade] 200/530 (73s)
  [20260523_1_matin_Anglade] 400/530 (126s)
  [20260523_1_matin_Anglade] 530/530 (160s)
  wrote 20260523_1_matin_Anglade in 160s
  [20260523_2_aprem_tabac] 200/509 (66s)
  [20260523_2_aprem_tabac] 400/509 (123s)
  [20260523_2_aprem_tabac] 509/509 (147s)
  wrote 20260523_2_aprem_tabac in 147s
  [20260523_5_auberge_fleur] 200/492 (63s)
  [20260523_5_auberge_fleur] 400/492 (110s)
  [20260523_5_auberge_fleur] 492/492 (130s)
  wrote 20260523_5_auberge_fleurie in 130s
  [One_of_the_Best_Traditio] 200/218 (58s)
  [One_of_the_Best_Traditio] 218/218 (63s)
  wrote One_of_the_Best_Traditional_Irish_Music_Sessions_Longer_Video in 63s
  [732984_11910076-lq] 169/169 (37s)
  wrote 732984_11910076-lq in 37s
  [13th_Moon_Gravity_Well_-] 200/478 (58s)
  [13th_Moon_Gravity_Well_-] 400/478 (100s)
  [13th_Moon_Gravity_Well_-] 478/478 (117s)
  wrote 13th_Moon_Gravity_Well_-_Irish_Trad_Session_2024_01_24 in 117s
  [1Hour_Trad_Irish_Music_S] 200/390 (47s)
  [1Hour_Trad_Irish_Music_S] 390/390 (78s)
  wrote 1Hour_Trad_Irish_Music_Session_in_Korea in 78s
