wasm C:\Perso\IrishMusicExperiments\folkfriend-src\rust\pkg-node-knobs2 | tempo 60..240 | stride 2 | octave 0.4 | calls [{"m":"set_tempo_model","args":[3,0.75]}] | out C:\Perso\IrishMusicExperiments\Cadence\experiments\ranking-study\v3\screen-slope075
[tuneIndex] using cached copy at C:\Perso\IrishMusicExperiments\Cadence\experiments\noise-study\.cache\tune-index.json
  [20260523_1_matin_Anglade] 200/530 (56s)
  [20260523_1_matin_Anglade] 400/530 (95s)
  [20260523_1_matin_Anglade] 530/530 (119s)
  wrote 20260523_1_matin_Anglade in 129s
  [20260523_2_aprem_tabac] 200/509 (150s)
  [20260523_2_aprem_tabac] 400/509 (187s)
  [20260523_2_aprem_tabac] 509/509 (206s)
  wrote 20260523_2_aprem_tabac in 206s
  [20260523_5_auberge_fleur] 200/492 (51s)
  [20260523_5_auberge_fleur] 400/492 (97s)
  [20260523_5_auberge_fleur] 492/492 (116s)
  wrote 20260523_5_auberge_fleurie in 116s
  [One_of_the_Best_Traditio] 200/218 (45s)
  [One_of_the_Best_Traditio] 218/218 (49s)
  wrote One_of_the_Best_Traditional_Irish_Music_Sessions_Longer_Video in 49s
  [732984_11910076-lq] 169/169 (39s)
  wrote 732984_11910076-lq in 39s
  [13th_Moon_Gravity_Well_-] 200/478 (66s)
  [13th_Moon_Gravity_Well_-] 400/478 (108s)
  [13th_Moon_Gravity_Well_-] 478/478 (122s)
  wrote 13th_Moon_Gravity_Well_-_Irish_Trad_Session_2024_01_24 in 123s
  [1Hour_Trad_Irish_Music_S] 200/390 (48s)
  [1Hour_Trad_Irish_Music_S] 390/390 (82s)
  wrote 1Hour_Trad_Irish_Music_Session_in_Korea in 82s
