wasm C:\Perso\IrishMusicExperiments\folkfriend-src\rust\pkg-node-knobs2 | tempo 60..240 | stride 2 | octave 0.4 | calls [{"m":"set_note_filter","args":[0.1,4]}] | out C:\Perso\IrishMusicExperiments\Cadence\experiments\ranking-study\v3\screen-dur4
[tuneIndex] using cached copy at C:\Perso\IrishMusicExperiments\Cadence\experiments\noise-study\.cache\tune-index.json
  [20260523_1_matin_Anglade] 200/530 (57s)
  [20260523_1_matin_Anglade] 400/530 (105s)
  [20260523_1_matin_Anglade] 530/530 (130s)
  wrote 20260523_1_matin_Anglade in 130s
  [20260523_2_aprem_tabac] 200/509 (50s)
  [20260523_2_aprem_tabac] 400/509 (91s)
  [20260523_2_aprem_tabac] 509/509 (111s)
  wrote 20260523_2_aprem_tabac in 111s
  [20260523_5_auberge_fleur] 200/492 (48s)
  [20260523_5_auberge_fleur] 400/492 (83s)
  [20260523_5_auberge_fleur] 492/492 (98s)
  wrote 20260523_5_auberge_fleurie in 98s
  [One_of_the_Best_Traditio] 200/218 (40s)
  [One_of_the_Best_Traditio] 218/218 (42s)
  wrote One_of_the_Best_Traditional_Irish_Music_Sessions_Longer_Video in 42s
  [732984_11910076-lq] 169/169 (27s)
  wrote 732984_11910076-lq in 27s
  [13th_Moon_Gravity_Well_-] 200/478 (49s)
  [13th_Moon_Gravity_Well_-] 400/478 (78s)
  [13th_Moon_Gravity_Well_-] 478/478 (90s)
  wrote 13th_Moon_Gravity_Well_-_Irish_Trad_Session_2024_01_24 in 90s
  [1Hour_Trad_Irish_Music_S] 200/390 (42s)
  [1Hour_Trad_Irish_Music_S] 390/390 (67s)
  wrote 1Hour_Trad_Irish_Music_Session_in_Korea in 67s
