wasm C:\Perso\IrishMusicExperiments\folkfriend-src\rust\pkg-node-tempo | tempo 60..180 | stride 2 | calls [] | out C:\Perso\IrishMusicExperiments\Cadence\experiments\ranking-study\v3\screen-t180
[tuneIndex] using cached copy at C:\Perso\IrishMusicExperiments\Cadence\experiments\noise-study\.cache\tune-index.json
  [20260523_1_matin_Anglade] 200/530 (32s)
  [20260523_1_matin_Anglade] 400/530 (98s)
  [20260523_1_matin_Anglade] 530/530 (112s)
  wrote 20260523_1_matin_Anglade in 112s
  [20260523_2_aprem_tabac] 200/509 (92s)
  [20260523_2_aprem_tabac] 400/509 (140s)
  [20260523_2_aprem_tabac] 509/509 (171s)
  wrote 20260523_2_aprem_tabac in 172s
  [20260523_5_auberge_fleur] 200/492 (72s)
  [20260523_5_auberge_fleur] 400/492 (121s)
  [20260523_5_auberge_fleur] 492/492 (145s)
  wrote 20260523_5_auberge_fleurie in 145s
  [One_of_the_Best_Traditio] 200/218 (55s)
  [One_of_the_Best_Traditio] 218/218 (59s)
  wrote One_of_the_Best_Traditional_Irish_Music_Sessions_Longer_Video in 59s
  [732984_11910076-lq] 169/169 (32s)
  wrote 732984_11910076-lq in 32s
  [13th_Moon_Gravity_Well_-] 200/478 (62s)
  [13th_Moon_Gravity_Well_-] 400/478 (103s)
  [13th_Moon_Gravity_Well_-] 478/478 (121s)
  wrote 13th_Moon_Gravity_Well_-_Irish_Trad_Session_2024_01_24 in 121s
  [1Hour_Trad_Irish_Music_S] 200/390 (45s)
  [1Hour_Trad_Irish_Music_S] 390/390 (77s)
  wrote 1Hour_Trad_Irish_Music_Session_in_Korea in 84s
