wasm C:\Perso\IrishMusicExperiments\folkfriend-src\rust\pkg-node-knobs | tempo 60..240 | stride 2 | octave 0.5 | calls [] | out C:\Perso\IrishMusicExperiments\Cadence\experiments\ranking-study\v3\screen-oct050
[tuneIndex] using cached copy at C:\Perso\IrishMusicExperiments\Cadence\experiments\noise-study\.cache\tune-index.json
  [20260523_1_matin_Anglade] 200/530 (71s)
  [20260523_1_matin_Anglade] 400/530 (137s)
  [20260523_1_matin_Anglade] 530/530 (174s)
  wrote 20260523_1_matin_Anglade in 174s
  [20260523_2_aprem_tabac] 200/509 (76s)
  [20260523_2_aprem_tabac] 400/509 (129s)
  [20260523_2_aprem_tabac] 509/509 (153s)
  wrote 20260523_2_aprem_tabac in 153s
  [20260523_5_auberge_fleur] 200/492 (62s)
  [20260523_5_auberge_fleur] 400/492 (113s)
  [20260523_5_auberge_fleur] 492/492 (135s)
  wrote 20260523_5_auberge_fleurie in 135s
  [One_of_the_Best_Traditio] 200/218 (51s)
  [One_of_the_Best_Traditio] 218/218 (56s)
  wrote One_of_the_Best_Traditional_Irish_Music_Sessions_Longer_Video in 56s
  [732984_11910076-lq] 169/169 (29s)
  wrote 732984_11910076-lq in 38s
  [13th_Moon_Gravity_Well_-] 200/478 (206s)
  [13th_Moon_Gravity_Well_-] 400/478 (246s)
  [13th_Moon_Gravity_Well_-] 478/478 (263s)
  wrote 13th_Moon_Gravity_Well_-_Irish_Trad_Session_2024_01_24 in 263s
  [1Hour_Trad_Irish_Music_S] 200/390 (45s)
  [1Hour_Trad_Irish_Music_S] 390/390 (86s)
  wrote 1Hour_Trad_Irish_Music_Session_in_Korea in 86s
