wasm C:\Perso\IrishMusicExperiments\folkfriend-src\rust\pkg-node-knobs | tempo 60..240 | stride 2 | octave 0.4 | calls [{"m":"set_note_filter","args":[0.1,2]}] | out C:\Perso\IrishMusicExperiments\Cadence\experiments\ranking-study\v3\screen-dur2
[tuneIndex] using cached copy at C:\Perso\IrishMusicExperiments\Cadence\experiments\noise-study\.cache\tune-index.json
  [20260523_1_matin_Anglade] 200/530 (74s)
  [20260523_1_matin_Anglade] 400/530 (142s)
  [20260523_1_matin_Anglade] 530/530 (180s)
  wrote 20260523_1_matin_Anglade in 180s
  [20260523_2_aprem_tabac] 200/509 (78s)
  [20260523_2_aprem_tabac] 400/509 (132s)
  [20260523_2_aprem_tabac] 509/509 (156s)
  wrote 20260523_2_aprem_tabac in 156s
  [20260523_5_auberge_fleur] 200/492 (64s)
  [20260523_5_auberge_fleur] 400/492 (116s)
  [20260523_5_auberge_fleur] 492/492 (137s)
  wrote 20260523_5_auberge_fleurie in 137s
  [One_of_the_Best_Traditio] 200/218 (58s)
  [One_of_the_Best_Traditio] 218/218 (61s)
  wrote One_of_the_Best_Traditional_Irish_Music_Sessions_Longer_Video in 82s
  [732984_11910076-lq] 169/169 (28s)
  wrote 732984_11910076-lq in 38s
  [13th_Moon_Gravity_Well_-] 200/478 (167s)
  [13th_Moon_Gravity_Well_-] 400/478 (205s)
  [13th_Moon_Gravity_Well_-] 478/478 (221s)
  wrote 13th_Moon_Gravity_Well_-_Irish_Trad_Session_2024_01_24 in 221s
  [1Hour_Trad_Irish_Music_S] 200/390 (48s)
  [1Hour_Trad_Irish_Music_S] 390/390 (88s)
  wrote 1Hour_Trad_Irish_Music_Session_in_Korea in 88s
