wasm C:\Perso\IrishMusicExperiments\folkfriend-src\rust\pkg-node-knobs2 | tempo 60..240 | stride 2 | octave 0.4 | calls [{"m":"set_num_repass","args":[8000]}] | out C:\Perso\IrishMusicExperiments\Cadence\experiments\ranking-study\v3\screen-rep8000
[tuneIndex] using cached copy at C:\Perso\IrishMusicExperiments\Cadence\experiments\noise-study\.cache\tune-index.json
  [20260523_1_matin_Anglade] 200/530 (101s)
  [20260523_1_matin_Anglade] 400/530 (179s)
  [20260523_1_matin_Anglade] 530/530 (227s)
  wrote 20260523_1_matin_Anglade in 227s
  [20260523_2_aprem_tabac] 200/509 (84s)
  [20260523_2_aprem_tabac] 400/509 (171s)
  [20260523_2_aprem_tabac] 509/509 (208s)
  wrote 20260523_2_aprem_tabac in 208s
  [20260523_5_auberge_fleur] 200/492 (92s)
  [20260523_5_auberge_fleur] 400/492 (172s)
  [20260523_5_auberge_fleur] 492/492 (206s)
  wrote 20260523_5_auberge_fleurie in 206s
  [One_of_the_Best_Traditio] 200/218 (72s)
  [One_of_the_Best_Traditio] 218/218 (78s)
  wrote One_of_the_Best_Traditional_Irish_Music_Sessions_Longer_Video in 78s
  [732984_11910076-lq] 169/169 (55s)
  wrote 732984_11910076-lq in 55s
  [13th_Moon_Gravity_Well_-] 200/478 (68s)
  [13th_Moon_Gravity_Well_-] 400/478 (125s)
  [13th_Moon_Gravity_Well_-] 478/478 (149s)
  wrote 13th_Moon_Gravity_Well_-_Irish_Trad_Session_2024_01_24 in 149s
  [1Hour_Trad_Irish_Music_S] 200/390 (57s)
  [1Hour_Trad_Irish_Music_S] 390/390 (102s)
  wrote 1Hour_Trad_Irish_Music_Session_in_Korea in 102s
