wasm C:\Perso\IrishMusicExperiments\folkfriend-src\rust\pkg-node-tempo | tempo 60..200 | stride 2 | calls [] | out C:\Perso\IrishMusicExperiments\Cadence\experiments\ranking-study\v3\screen-t200
[tuneIndex] using cached copy at C:\Perso\IrishMusicExperiments\Cadence\experiments\noise-study\.cache\tune-index.json
  [20260523_1_matin_Anglade] 200/530 (32s)
  [20260523_1_matin_Anglade] 400/530 (99s)
  [20260523_1_matin_Anglade] 530/530 (113s)
  wrote 20260523_1_matin_Anglade in 121s
  [20260523_2_aprem_tabac] 200/509 (93s)
  [20260523_2_aprem_tabac] 400/509 (148s)
  [20260523_2_aprem_tabac] 509/509 (178s)
  wrote 20260523_2_aprem_tabac in 178s
  [20260523_5_auberge_fleur] 200/492 (72s)
  [20260523_5_auberge_fleur] 400/492 (124s)
  [20260523_5_auberge_fleur] 492/492 (148s)
  wrote 20260523_5_auberge_fleurie in 148s
  [One_of_the_Best_Traditio] 200/218 (53s)
  [One_of_the_Best_Traditio] 218/218 (57s)
  wrote One_of_the_Best_Traditional_Irish_Music_Sessions_Longer_Video in 57s
  [732984_11910076-lq] 169/169 (38s)
  wrote 732984_11910076-lq in 38s
  [13th_Moon_Gravity_Well_-] 200/478 (59s)
  [13th_Moon_Gravity_Well_-] 400/478 (103s)
  [13th_Moon_Gravity_Well_-] 478/478 (119s)
  wrote 13th_Moon_Gravity_Well_-_Irish_Trad_Session_2024_01_24 in 119s
  [1Hour_Trad_Irish_Music_S] 200/390 (44s)
  [1Hour_Trad_Irish_Music_S] 390/390 (80s)
  wrote 1Hour_Trad_Irish_Music_Session_in_Korea in 81s
