
 RUN  v4.1.10 C:/Perso/IrishMusicExperiments/Cadence

recuit v4 2/6 : 10 chaines x 166 pas = 1660 evaluations
  ronde 1 : 100 evaluations, 308s
  ronde 2 : 200 evaluations, 669s
  ronde 3 : 300 evaluations, 994s
  ronde 4 : 400 evaluations, 1341s
  ronde 5 : 500 evaluations, 1680s
  ronde 6 : 600 evaluations, 2001s
  ronde 7 : 700 evaluations, 2306s
  ronde 8 : 800 evaluations, 2758s
  ronde 9 : 900 evaluations, 3065s
  ronde 10 : 1000 evaluations, 3332s
  ronde 11 : 1100 evaluations, 3575s
  ronde 12 : 1200 evaluations, 3831s
  ronde 13 : 1300 evaluations, 4146s
  ronde 14 : 1400 evaluations, 4441s
  ronde 15 : 1500 evaluations, 4702s
  ronde 16 : 1600 evaluations, 4921s
  ronde 17 : 1660 evaluations, 5042s

1660 evaluations ecrites dans v4-seed21-anneal01.json (5042s)

 Test Files  1 passed (1)
      Tests  1 passed (1)
   Start at  14:38:06
   Duration  5043.65s (transform 132ms, setup 0ms, import 315ms, tests 5042.98s, environment 0ms)

