
 RUN  v4.1.10 C:/Perso/IrishMusicExperiments/Cadence

recuit v4 4/6 : 10 chaines x 166 pas = 1660 evaluations
  ronde 1 : 100 evaluations, 294s
  ronde 2 : 200 evaluations, 597s
  ronde 3 : 300 evaluations, 875s
  ronde 4 : 400 evaluations, 1144s
  ronde 5 : 500 evaluations, 1432s
  ronde 6 : 600 evaluations, 1725s
  ronde 7 : 700 evaluations, 1995s
  ronde 8 : 800 evaluations, 2238s
  ronde 9 : 900 evaluations, 2507s
  ronde 10 : 1000 evaluations, 2904s
  ronde 11 : 1100 evaluations, 3176s
  ronde 12 : 1200 evaluations, 3411s
  ronde 13 : 1300 evaluations, 3646s
  ronde 14 : 1400 evaluations, 3923s
  ronde 15 : 1500 evaluations, 4240s
  ronde 16 : 1600 evaluations, 4520s
  ronde 17 : 1660 evaluations, 4685s

1660 evaluations ecrites dans v4-seed21-anneal03.json (4685s)

 Test Files  1 passed (1)
      Tests  1 passed (1)
   Start at  14:38:06
   Duration  4687.19s (transform 124ms, setup 0ms, import 163ms, tests 4686.52s, environment 0ms)

