
 RUN  v4.1.10 C:/Perso/IrishMusicExperiments/Cadence

recuit v4 3/6 : 10 chaines x 166 pas = 1660 evaluations
  ronde 1 : 100 evaluations, 315s
  ronde 2 : 200 evaluations, 682s
  ronde 3 : 300 evaluations, 1010s
  ronde 4 : 400 evaluations, 1347s
  ronde 5 : 500 evaluations, 1682s
  ronde 6 : 600 evaluations, 1989s
  ronde 7 : 700 evaluations, 2264s
  ronde 8 : 800 evaluations, 2686s
  ronde 9 : 900 evaluations, 2948s
  ronde 10 : 1000 evaluations, 3211s
  ronde 11 : 1100 evaluations, 3426s
  ronde 12 : 1200 evaluations, 3628s
  ronde 13 : 1300 evaluations, 3857s
  ronde 14 : 1400 evaluations, 4146s
  ronde 15 : 1500 evaluations, 4415s
  ronde 16 : 1600 evaluations, 4650s
  ronde 17 : 1660 evaluations, 4788s

1660 evaluations ecrites dans v4-seed21-anneal02.json (4788s)

 Test Files  1 passed (1)
      Tests  1 passed (1)
   Start at  14:38:06
   Duration  4789.77s (transform 126ms, setup 0ms, import 163ms, tests 4789.10s, environment 0ms)

