
 RUN  v4.1.10 C:/Perso/IrishMusicExperiments/Cadence

recuit v4 1/6 : 10 chaines x 166 pas = 1660 evaluations
  ronde 1 : 100 evaluations, 261s
  ronde 2 : 200 evaluations, 542s
  ronde 3 : 300 evaluations, 829s
  ronde 4 : 400 evaluations, 1127s
  ronde 5 : 500 evaluations, 1435s
  ronde 6 : 600 evaluations, 1725s
  ronde 7 : 700 evaluations, 1996s
  ronde 8 : 800 evaluations, 2236s
  ronde 9 : 900 evaluations, 2508s
  ronde 10 : 1000 evaluations, 2922s
  ronde 11 : 1100 evaluations, 3203s
  ronde 12 : 1200 evaluations, 3435s
  ronde 13 : 1300 evaluations, 3666s
  ronde 14 : 1400 evaluations, 3955s
  ronde 15 : 1500 evaluations, 4290s
  ronde 16 : 1600 evaluations, 4585s
  ronde 17 : 1660 evaluations, 4768s

1660 evaluations ecrites dans v4-seed21-anneal00.json (4768s)

 Test Files  1 passed (1)
      Tests  1 passed (1)
   Start at  14:38:06
   Duration  4770.27s (transform 129ms, setup 0ms, import 301ms, tests 4769.59s, environment 0ms)

