
 RUN  v4.1.10 C:/Perso/IrishMusicExperiments/Cadence

  Cstar|curve|absent|0 319/341 fp=10+0 IoU=84.5% | 31/0 35/2 21/2 30/0 25/0 38/1 139/5
  Cstar|curve|absent|0.99 324/341 fp=12+0 IoU=88.9% | 31/0 35/3 24/3 30/1 25/0 39/2 140/3
  Cstar|curve|stay|0.5 324/341 fp=16+0 IoU=81.9% | 31/0 35/3 24/4 30/2 25/0 39/2 140/5
  Cstar|curve|out|1.2 319/341 fp=11+0 IoU=87.1% | 31/0 35/2 20/2 30/1 25/0 38/2 140/4
  Cstar|curve|chg|0.6 325/341 fp=16+0 IoU=87.6% | 31/0 35/3 24/4 30/1 25/0 40/2 140/6
  production|curve|in|0.5 318/341 fp=12+0 IoU=88.0% | 31/0 35/2 22/5 30/0 25/0 39/1 136/4
  production|neigh|24 314/341 fp=11+0 IoU=87.2% | 31/0 35/2 22/3 30/0 25/0 36/1 135/5
  Cstar|curve|minSeg|1 324/341 fp=11+0 IoU=88.8% | 31/0 35/2 23/4 30/0 25/0 40/2 140/3
  Cstar|curve|flat|0.02 321/341 fp=10+0 IoU=89.0% | 31/0 35/2 22/3 30/0 25/0 40/1 138/4
  Cstar|curve|minSeg|0 324/341 fp=11+0 IoU=88.8% | 31/0 35/2 23/4 30/0 25/0 40/2 140/3
  Cstar|neigh|74 324/341 fp=16+0 IoU=89.2% | 31/0 35/4 24/4 30/1 25/0 39/2 140/5
  Cstar|neigh|10 321/341 fp=13+0 IoU=89.7% | 31/0 35/4 23/3 30/1 25/0 39/2 138/3
  Cstar|neigh|25 318/341 fp=9+0 IoU=89.3% | 31/0 35/3 21/3 30/0 25/0 39/0 137/3
  Cstar|neigh|18 324/341 fp=28+0 IoU=89.0% | 31/0 35/4 24/7 30/5 25/0 39/3 140/9
  Cstar|neigh|22 324/341 fp=10+0 IoU=88.5% | 31/0 35/2 23/3 30/0 25/0 40/2 140/3
  production|curve|stay|0 309/341 fp=11+0 IoU=85.0% | 31/0 35/2 20/4 28/0 25/0 35/1 135/4
  Cstar|neigh|40 322/341 fp=10+0 IoU=88.5% | 31/0 35/3 22/3 30/0 25/0 40/1 139/3
  production|curve|minCand|0.28 315/341 fp=13+0 IoU=87.6% | 31/0 35/2 22/5 30/0 25/0 36/2 136/4
  Cstar|neigh|56 325/341 fp=15+0 IoU=89.0% | 31/0 35/4 24/3 30/2 25/0 40/2 140/4
  production|curve|floor|0.22 316/341 fp=11+0 IoU=88.3% | 31/0 35/2 22/4 30/0 25/0 38/1 135/4
  Cstar|neigh|70 321/341 fp=11+0 IoU=87.4% | 31/0 35/2 21/2 30/1 25/0 39/2 140/4
  production|neigh|45 310/341 fp=10+0 IoU=88.9% | 31/0 35/2 20/3 29/0 25/0 35/1 135/4
  production|neigh|5 318/341 fp=11+0 IoU=87.8% | 31/0 35/2 22/4 30/0 25/0 38/1 137/4
  production|curve|absent|0.5 313/341 fp=13+0 IoU=84.0% | 31/0 35/2 20/5 30/0 25/0 37/1 135/5
  production|curve|rapid|2 318/341 fp=12+0 IoU=88.0% | 31/0 35/2 22/5 30/0 25/0 39/1 136/4
  production|neigh|29 314/341 fp=10+0 IoU=87.4% | 31/0 35/2 22/3 30/0 25/0 36/1 135/4
  production|curve|chg|0.6 317/341 fp=14+0 IoU=86.6% | 31/0 35/2 21/6 30/0 25/0 39/2 136/4
  production|curve|chg|1.5 317/341 fp=12+0 IoU=88.1% | 31/0 35/2 22/5 30/0 25/0 39/1 135/4
  production|neigh|43 319/341 fp=12+0 IoU=87.9% | 31/0 35/2 23/5 30/0 25/0 39/1 136/4
  production|curve|rapid|4 318/341 fp=12+0 IoU=88.0% | 31/0 35/2 22/5 30/0 25/0 39/1 136/4
  production|neigh|59 316/341 fp=10+0 IoU=85.8% | 31/0 35/2 22/3 30/0 25/0 38/1 135/4
  production|curve|minSeg|2 318/341 fp=12+0 IoU=88.0% | 31/0 35/2 22/5 30/0 25/0 39/1 136/4
  production|curve|flat|0.05 318/341 fp=12+0 IoU=88.0% | 31/0 35/2 22/5 30/0 25/0 39/1 136/4
  production|curve|flat|0.1 309/341 fp=7+0 IoU=85.0% | 31/0 35/2 22/2 28/0 25/0 35/0 133/3
  production|curve|margin|0.02 318/341 fp=11+0 IoU=88.0% | 31/0 35/2 22/5 30/0 25/0 39/1 136/3
  production|curve|minSeg|0 318/341 fp=43+0 IoU=87.9% | 31/0 35/5 22/11 30/0 25/0 39/8 136/19
  production|neigh|63 317/341 fp=11+0 IoU=87.6% | 31/0 35/2 22/4 30/0 25/0 39/1 135/4
  production|neigh|33 316/341 fp=16+0 IoU=87.8% | 31/0 35/2 21/6 30/0 25/0 38/2 136/6
  production|neigh|73 317/341 fp=12+0 IoU=88.0% | 31/0 35/2 22/5 30/0 25/0 38/1 136/4
  production|neigh|31 317/341 fp=11+0 IoU=87.8% | 31/0 35/2 22/3 30/0 25/0 38/1 136/5
  production|curve|gap|3 318/341 fp=12+0 IoU=87.9% | 31/0 35/2 22/5 30/0 25/0 39/1 136/4
  production|neigh|55 319/341 fp=13+0 IoU=87.9% | 31/0 35/2 23/5 30/0 25/0 39/2 136/4
  Cstar|neigh|3 324/341 fp=11+0 IoU=89.2% | 31/0 35/3 24/3 30/0 25/0 40/2 139/3
  Cstar|curve|floorQ×|0.25 324/341 fp=10+0 IoU=88.8% | 31/0 35/2 23/3 30/0 25/0 40/2 140/3
  production|neigh|67 314/341 fp=10+0 IoU=85.9% | 31/0 35/2 22/3 30/0 25/0 36/1 135/4
  Cstar|neigh|9 320/341 fp=9+0 IoU=88.5% | 31/0 35/2 22/2 30/0 25/0 39/2 138/3
  production|neigh|27 316/341 fp=11+0 IoU=88.2% | 31/0 35/2 22/4 30/0 25/0 38/1 135/4
  Cstar|neigh|69 321/341 fp=10+0 IoU=89.3% | 31/0 35/2 22/3 30/0 25/0 39/2 139/3
  Cstar|curve|stay|0.3 324/341 fp=16+0 IoU=81.9% | 31/0 35/3 24/4 30/2 25/0 39/2 140/5
  production|curve|in|1 317/341 fp=11+0 IoU=85.8% | 31/0 35/2 22/4 30/0 25/0 39/1 135/4
  Cstar|curve|rapid|0 324/341 fp=10+0 IoU=88.8% | 31/0 35/2 23/3 30/0 25/0 40/2 140/3
  production|curve|rapid|0 318/341 fp=12+0 IoU=88.0% | 31/0 35/2 22/5 30/0 25/0 39/1 136/4
52 configurations en 147s

 Test Files  1 passed (1)
      Tests  1 passed (1)
   Start at  16:39:14
   Duration  148.92s (transform 135ms, setup 0ms, import 175ms, tests 148.28s, environment 0ms)

