
 RUN  v4.1.10 C:/Perso/IrishMusicExperiments/Cadence

  production|curve|stay|0.2 318/341 fp=12+0 IoU=88.0% | 31/0 35/2 22/5 30/0 25/0 39/1 136/4
  production|curve|absent|0.8 318/341 fp=12+0 IoU=88.0% | 31/0 35/2 22/5 30/0 25/0 39/1 136/4
  production|curve|out|1.6 317/341 fp=11+0 IoU=80.7% | 31/0 35/2 21/5 30/0 25/0 39/1 136/3
  loso L0.5K0.5 (2.5 plis) + loso L0.25K0.5 (2.0 plis) + loso L0.5K1 (2.5 plis) + loso L1K0.5 (1.5 plis)|curve|absent|0.95 323/341 fp=11+0 IoU=88.3% | 31/0 35/2 22/3 30/1 25/0 40/1 140/4
  production|curve|floor|0.24 316/341 fp=11+0 IoU=88.1% | 31/0 35/2 22/4 30/0 25/0 38/1 135/4
  loso L0.5K0.5 (2.5 plis) + loso L0.25K0.5 (2.0 plis) + loso L0.5K1 (2.5 plis) + loso L1K0.5 (1.5 plis)|neigh|46 321/341 fp=9+0 IoU=87.6% | 31/0 35/2 23/2 30/0 25/0 39/2 138/3
  production|curve|gap|3 318/341 fp=12+0 IoU=87.9% | 31/0 35/2 22/5 30/0 25/0 39/1 136/4
  loso L0.5K0.5 (2.5 plis) + loso L0.25K0.5 (2.0 plis) + loso L0.5K1 (2.5 plis) + loso L1K0.5 (1.5 plis)|curve|tempoSpread|0.12 321/341 fp=8+0 IoU=88.3% | 31/0 35/2 23/3 30/0 25/0 38/1 139/2
  loso L0.5K0.5 (2.5 plis) + loso L0.25K0.5 (2.0 plis) + loso L0.5K1 (2.5 plis) + loso L1K0.5 (1.5 plis)|curve|floorQ×|0.5 324/341 fp=12+0 IoU=88.7% | 31/0 35/3 24/3 30/1 25/0 39/2 140/3
  loso L0.5K0.5 (2.5 plis) + loso L0.25K0.5 (2.0 plis) + loso L0.5K1 (2.5 plis) + loso L1K0.5 (1.5 plis)|curve|minCand|0.28 321/341 fp=12+0 IoU=88.5% | 31/0 35/3 24/2 30/1 25/0 37/2 139/4
  loso L0.5K0.5 (2.5 plis) + loso L0.25K0.5 (2.0 plis) + loso L0.5K1 (2.5 plis) + loso L1K0.5 (1.5 plis)|curve|floorQ×|2 324/341 fp=12+0 IoU=88.7% | 31/0 35/3 24/3 30/1 25/0 39/2 140/3
  production|neigh|7 320/341 fp=12+0 IoU=81.1% | 31/0 35/3 23/4 30/0 25/0 39/1 137/4
  production|neigh|15 309/341 fp=9+0 IoU=83.4% | 31/0 35/2 20/2 28/0 25/0 35/1 135/4
  loso L0.5K0.5 (2.5 plis) + loso L0.25K0.5 (2.0 plis) + loso L0.5K1 (2.5 plis) + loso L1K0.5 (1.5 plis)|neigh|42 324/341 fp=12+0 IoU=89.1% | 31/0 35/3 24/3 30/1 25/0 40/2 139/3
  production|neigh|22 318/341 fp=11+0 IoU=88.0% | 31/0 35/2 22/5 30/0 25/0 39/1 136/3
  loso L0.5K0.5 (2.5 plis) + loso L0.25K0.5 (2.0 plis) + loso L0.5K1 (2.5 plis) + loso L1K0.5 (1.5 plis)|curve|tempoSpread|0.05 323/341 fp=12+0 IoU=88.6% | 31/0 35/3 24/3 30/1 25/0 38/2 140/3
  loso L0.5K0.5 (2.5 plis) + loso L0.25K0.5 (2.0 plis) + loso L0.5K1 (2.5 plis) + loso L1K0.5 (1.5 plis)|curve|floorQ×|4 315/341 fp=6+0 IoU=88.8% | 31/0 35/2 21/1 29/0 25/0 37/0 137/3
  loso L0.5K0.5 (2.5 plis) + loso L0.25K0.5 (2.0 plis) + loso L0.5K1 (2.5 plis) + loso L1K0.5 (1.5 plis)|curve|chg|0.3 325/341 fp=43+0 IoU=84.3% | 31/0 35/5 24/10 30/7 25/0 40/5 140/16
  loso L0.5K0.5 (2.5 plis) + loso L0.25K0.5 (2.0 plis) + loso L0.5K1 (2.5 plis) + loso L1K0.5 (1.5 plis)|neigh|20 324/341 fp=16+0 IoU=81.3% | 31/0 35/3 24/4 30/2 25/0 39/2 140/5
  loso L0.5K0.5 (2.5 plis) + loso L0.25K0.5 (2.0 plis) + loso L0.5K1 (2.5 plis) + loso L1K0.5 (1.5 plis)|curve|stay|0.1 324/341 fp=16+0 IoU=80.9% | 31/0 35/3 24/4 30/2 25/0 39/2 140/5
  loso L0.5K0.5 (2.5 plis) + loso L0.25K0.5 (2.0 plis) + loso L0.5K1 (2.5 plis) + loso L1K0.5 (1.5 plis)|curve|out|1.6 324/341 fp=16+0 IoU=80.9% | 31/0 35/3 24/4 30/2 25/0 39/2 140/5
  production|curve|absent|0.9 316/341 fp=12+0 IoU=79.8% | 31/0 35/2 22/5 30/0 25/0 38/1 135/4
  loso L0.5K0.5 (2.5 plis) + loso L0.25K0.5 (2.0 plis) + loso L0.5K1 (2.5 plis) + loso L1K0.5 (1.5 plis)|neigh|49 324/341 fp=17+0 IoU=81.9% | 31/0 35/3 24/5 30/2 25/0 40/2 139/5
  production|curve|chg|0.8 318/341 fp=12+0 IoU=88.0% | 31/0 35/2 22/5 30/0 25/0 39/1 136/4
  loso L0.5K0.5 (2.5 plis) + loso L0.25K0.5 (2.0 plis) + loso L0.5K1 (2.5 plis) + loso L1K0.5 (1.5 plis)|neigh|29 320/341 fp=12+0 IoU=81.1% | 31/0 35/2 23/3 30/2 25/0 38/2 138/3
  loso L0.5K0.5 (2.5 plis) + loso L0.25K0.5 (2.0 plis) + loso L0.5K1 (2.5 plis) + loso L1K0.5 (1.5 plis)|neigh|38 324/341 fp=16+0 IoU=81.1% | 31/0 35/3 24/4 30/2 25/0 39/2 140/5
  loso L0.5K0.5 (2.5 plis) + loso L0.25K0.5 (2.0 plis) + loso L0.5K1 (2.5 plis) + loso L1K0.5 (1.5 plis)|neigh|13 324/341 fp=17+0 IoU=82.0% | 31/0 35/4 24/4 30/2 25/0 39/2 140/5
  production|curve|tempoSpread|0 321/341 fp=16+0 IoU=87.6% | 31/0 35/2 23/6 30/2 25/0 40/2 137/4
  loso L0.5K0.5 (2.5 plis) + loso L0.25K0.5 (2.0 plis) + loso L0.5K1 (2.5 plis) + loso L1K0.5 (1.5 plis)|neigh|6 325/341 fp=16+0 IoU=84.7% | 31/0 35/3 24/4 30/2 25/0 40/2 140/5
  production|neigh|23 318/341 fp=12+0 IoU=80.2% | 31/0 35/3 23/3 30/0 25/0 38/2 136/4
  loso L0.5K0.5 (2.5 plis) + loso L0.25K0.5 (2.0 plis) + loso L0.5K1 (2.5 plis) + loso L1K0.5 (1.5 plis)|curve|minCand|0.24 324/341 fp=12+0 IoU=88.7% | 31/0 35/3 24/3 30/1 25/0 39/2 140/3
  loso L0.5K0.5 (2.5 plis) + loso L0.25K0.5 (2.0 plis) + loso L0.5K1 (2.5 plis) + loso L1K0.5 (1.5 plis)|neigh|23 324/341 fp=17+0 IoU=81.4% | 31/0 35/4 24/4 30/2 25/0 39/2 140/5
  production|neigh|49 316/341 fp=11+0 IoU=87.9% | 31/0 35/2 22/4 30/0 25/0 38/1 135/4
  loso L0.5K0.5 (2.5 plis) + loso L0.25K0.5 (2.0 plis) + loso L0.5K1 (2.5 plis) + loso L1K0.5 (1.5 plis)|curve|gap|3 324/341 fp=12+0 IoU=88.7% | 31/0 35/3 24/3 30/1 25/0 39/2 140/3
  loso L0.5K0.5 (2.5 plis) + loso L0.25K0.5 (2.0 plis) + loso L0.5K1 (2.5 plis) + loso L1K0.5 (1.5 plis)|neigh|7 322/341 fp=11+0 IoU=89.3% | 31/0 35/2 24/3 30/1 25/0 39/2 138/3
  loso L0.5K0.5 (2.5 plis) + loso L0.25K0.5 (2.0 plis) + loso L0.5K1 (2.5 plis) + loso L1K0.5 (1.5 plis)|neigh|27 325/341 fp=14+0 IoU=88.9% | 31/0 35/3 24/3 30/1 25/0 40/2 140/5
  production|curve|floor|0.14 317/341 fp=14+0 IoU=88.0% | 31/0 35/2 21/6 30/0 25/0 39/1 136/5
  loso L0.5K0.5 (2.5 plis) + loso L0.25K0.5 (2.0 plis) + loso L0.5K1 (2.5 plis) + loso L1K0.5 (1.5 plis)|neigh|31 323/341 fp=16+0 IoU=81.5% | 31/0 35/3 24/4 30/2 25/0 39/2 139/5
  loso L0.5K0.5 (2.5 plis) + loso L0.25K0.5 (2.0 plis) + loso L0.5K1 (2.5 plis) + loso L1K0.5 (1.5 plis)|neigh|15 325/341 fp=16+0 IoU=87.0% | 31/0 35/3 24/4 30/2 25/0 40/2 140/5
39 configurations en 119s

 Test Files  1 passed (1)
      Tests  1 passed (1)
   Start at  16:35:34
   Duration  121.02s (transform 156ms, setup 0ms, import 207ms, tests 120.27s, environment 0ms)

