
 RUN  v4.1.10 C:/Perso/IrishMusicExperiments/Cadence

  production|base 318/341 fp=12+0 IoU=88.0% | 31/0 35/2 22/5 30/0 25/0 39/1 136/4
  Cstar|curve|absent|0.5 319/341 fp=10+0 IoU=84.7% | 31/0 35/2 21/2 30/0 25/0 38/1 139/5
  Cstar|curve|out|0.8 324/341 fp=10+0 IoU=88.8% | 31/0 35/2 23/3 30/0 25/0 40/2 140/3
  Cstar|curve|in|0 324/341 fp=10+0 IoU=88.8% | 31/0 35/2 23/3 30/0 25/0 40/2 140/3
  Cstar|neigh|2 325/341 fp=21+0 IoU=88.9% | 31/0 35/4 24/4 30/3 25/0 40/2 140/8
  Cstar|curve|margin|0 325/341 fp=14+0 IoU=80.8% | 31/0 35/3 24/3 30/2 25/0 40/1 140/5
  production|neigh|68 318/341 fp=13+0 IoU=87.7% | 31/0 35/2 22/5 30/0 25/0 38/1 137/5
  Cstar|curve|gap|5 324/341 fp=10+0 IoU=88.8% | 31/0 35/2 23/3 30/0 25/0 40/2 140/3
  Cstar|curve|tempoSpread|0.08 322/341 fp=11+0 IoU=88.8% | 31/0 35/2 23/4 30/0 25/0 39/2 139/3
  Cstar|curve|margin|0.01 324/341 fp=12+0 IoU=88.9% | 31/0 35/3 24/3 30/1 25/0 39/2 140/3
  production|neigh|74 319/341 fp=15+0 IoU=88.4% | 31/0 35/3 22/5 30/1 25/0 39/2 137/4
  Cstar|neigh|1 324/341 fp=10+0 IoU=89.1% | 31/0 35/2 24/3 30/0 25/0 40/2 139/3
  Cstar|neigh|31 324/341 fp=26+0 IoU=89.5% | 31/0 35/4 24/6 30/5 25/0 39/3 140/8
  Cstar|neigh|11 325/341 fp=14+0 IoU=88.8% | 31/0 35/4 24/3 30/1 25/0 40/2 140/4
  Cstar|neigh|16 324/341 fp=18+0 IoU=88.8% | 31/0 35/4 24/4 30/2 25/0 39/2 140/6
  production|curve|tempoSpread|0 321/341 fp=16+0 IoU=87.6% | 31/0 35/2 23/6 30/2 25/0 40/2 137/4
  Cstar|neigh|49 319/341 fp=10+0 IoU=89.5% | 31/0 35/2 22/3 30/0 25/0 38/2 138/3
  Cstar|neigh|66 325/341 fp=15+0 IoU=88.5% | 31/0 35/4 24/3 30/1 25/0 40/2 140/5
  Cstar|neigh|43 325/341 fp=21+0 IoU=88.7% | 31/0 35/4 24/4 30/3 25/0 40/2 140/8
  production|neigh|36 318/341 fp=11+0 IoU=86.9% | 31/0 35/2 22/5 30/0 25/0 39/1 136/3
  Cstar|neigh|53 325/341 fp=24+0 IoU=89.0% | 31/0 35/4 24/5 30/5 25/0 40/3 140/7
  production|neigh|15 314/341 fp=11+0 IoU=87.5% | 31/0 35/2 22/3 30/0 25/0 36/1 135/5
  production|curve|gap|5 318/341 fp=12+0 IoU=87.9% | 31/0 35/2 22/5 30/0 25/0 39/1 136/4
  production|curve|chg|0.8 318/341 fp=12+0 IoU=88.0% | 31/0 35/2 22/5 30/0 25/0 39/1 136/4
  Cstar|neigh|35 324/341 fp=14+0 IoU=89.1% | 31/0 35/4 24/3 30/1 25/0 39/2 140/4
  production|neigh|38 316/341 fp=11+0 IoU=88.0% | 31/0 35/2 22/4 30/0 25/0 38/1 135/4
  production|neigh|4 317/341 fp=11+0 IoU=88.1% | 31/0 35/2 22/4 30/0 25/0 39/1 135/4
  production|curve|rapid|1 318/341 fp=12+0 IoU=88.0% | 31/0 35/2 22/5 30/0 25/0 39/1 136/4
  production|neigh|70 317/341 fp=12+0 IoU=88.0% | 31/0 35/2 22/5 30/0 25/0 38/1 136/4
  production|curve|in|0.25 316/341 fp=14+0 IoU=88.1% | 31/0 35/2 21/6 30/0 25/0 38/1 136/5
  production|neigh|60 321/341 fp=17+0 IoU=88.7% | 31/0 35/3 23/5 30/1 25/0 39/3 138/5
  production|curve|absent|0.7 314/341 fp=13+0 IoU=86.1% | 31/0 35/2 21/5 30/0 25/0 37/1 135/5
  Cstar|curve|chg|1.5 323/341 fp=9+0 IoU=88.2% | 31/0 35/2 23/3 30/0 25/0 40/1 139/3
  production|neigh|17 318/341 fp=14+0 IoU=88.6% | 31/0 35/3 22/5 30/1 25/0 38/2 137/3
  production|neigh|76 317/341 fp=17+0 IoU=87.9% | 31/0 35/3 21/6 30/0 25/0 39/2 136/6
  Cstar|neigh|61 323/341 fp=16+0 IoU=89.3% | 31/0 35/3 24/4 30/2 25/0 39/2 139/5
  Cstar|neigh|71 324/341 fp=20+0 IoU=89.1% | 31/0 35/4 24/4 30/3 25/0 39/2 140/7
  production|neigh|19 318/341 fp=11+0 IoU=88.0% | 31/0 35/2 23/4 30/0 25/0 39/2 135/3
  Cstar|neigh|55 324/341 fp=12+0 IoU=88.8% | 31/0 35/4 23/3 30/0 25/0 40/2 140/3
  Cstar|neigh|29 325/341 fp=28+0 IoU=89.0% | 31/0 35/4 24/7 30/4 25/0 39/3 141/10
  Cstar|curve|minSeg|2 324/341 fp=10+0 IoU=88.8% | 31/0 35/2 23/3 30/0 25/0 40/2 140/3
  production|neigh|23 316/341 fp=11+0 IoU=87.8% | 31/0 35/2 22/4 30/0 25/0 38/1 135/4
  production|curve|tempoSpread|0.1 319/341 fp=13+0 IoU=88.0% | 31/0 35/2 23/5 30/0 25/0 39/2 136/4
  production|neigh|77 317/341 fp=11+0 IoU=88.1% | 31/0 35/2 22/5 30/0 25/0 38/1 136/3
  production|neigh|52 316/341 fp=12+0 IoU=88.1% | 31/0 35/2 21/5 30/0 25/0 38/1 136/4
  production|neigh|9 318/341 fp=12+0 IoU=88.4% | 31/0 35/3 22/4 30/0 25/0 39/1 136/4
  Cstar|neigh|67 317/341 fp=9+0 IoU=89.3% | 31/0 35/2 21/3 29/0 25/0 39/1 137/3
  Cstar|curve|chg|0.8 324/341 fp=10+0 IoU=88.8% | 31/0 35/2 23/3 30/0 25/0 40/2 140/3
  production|curve|gap|7 318/341 fp=12+0 IoU=88.0% | 31/0 35/2 22/5 30/0 25/0 39/1 136/4
  Cstar|curve|margin|0.05 323/341 fp=11+0 IoU=88.3% | 31/0 35/2 22/3 30/0 25/0 40/2 140/4
  production|neigh|3 314/341 fp=10+0 IoU=87.3% | 31/0 35/2 22/3 30/0 25/0 36/1 135/4
  Cstar|neigh|13 324/341 fp=17+0 IoU=89.2% | 31/0 35/4 24/4 30/2 25/0 39/2 140/5
52 configurations en 149s

 Test Files  1 passed (1)
      Tests  1 passed (1)
   Start at  16:39:14
   Duration  151.09s (transform 136ms, setup 0ms, import 176ms, tests 150.46s, environment 0ms)

