
 RUN  v4.1.10 C:/Perso/IrishMusicExperiments/Cadence

  production|curve|absent|0 313/341 fp=14+0 IoU=82.0% | 31/0 35/2 20/4 30/0 25/0 37/1 135/7
  production|curve|absent|0.99 315/341 fp=9+0 IoU=79.6% | 31/0 35/2 22/2 30/0 25/0 37/1 135/4
  production|curve|stay|0.5 318/341 fp=12+0 IoU=80.0% | 31/0 35/2 22/6 30/0 25/0 39/1 136/3
  production|curve|out|1.2 317/341 fp=10+0 IoU=83.4% | 31/0 35/2 21/4 30/0 25/0 39/1 136/3
  production|curve|chg|0.6 317/341 fp=14+0 IoU=86.6% | 31/0 35/2 21/6 30/0 25/0 39/2 136/4
  loso L0.5K0.5 (2.5 plis) + loso L0.25K0.5 (2.0 plis) + loso L0.5K1 (2.5 plis) + loso L1K0.5 (1.5 plis)|curve|flat|0.02 323/341 fp=10+0 IoU=88.4% | 31/0 35/2 24/3 30/0 25/0 40/1 138/4
  production|curve|gap|20 318/341 fp=12+0 IoU=88.0% | 31/0 35/2 22/5 30/0 25/0 39/1 136/4
  production|curve|minSeg|1 318/341 fp=42+0 IoU=87.9% | 31/0 35/5 22/11 30/0 25/0 39/8 136/18
  production|curve|flat|0.02 321/341 fp=18+0 IoU=88.4% | 31/0 35/4 23/6 30/1 25/0 39/2 138/5
  production|curve|minSeg|0 318/341 fp=43+0 IoU=87.9% | 31/0 35/5 22/11 30/0 25/0 39/8 136/19
  loso L0.5K0.5 (2.5 plis) + loso L0.25K0.5 (2.0 plis) + loso L0.5K1 (2.5 plis) + loso L1K0.5 (1.5 plis)|curve|chg|0.6 325/341 fp=16+0 IoU=85.5% | 31/0 35/3 24/4 30/2 25/0 40/2 140/5
  production|neigh|18 313/341 fp=11+0 IoU=86.0% | 31/0 35/2 21/4 29/0 25/0 37/1 135/4
  production|neigh|33 317/341 fp=10+0 IoU=85.4% | 31/0 35/2 23/3 30/0 25/0 38/1 135/4
  production|neigh|26 317/341 fp=10+0 IoU=86.6% | 31/0 35/2 23/3 30/0 25/0 38/1 135/4
  production|neigh|30 317/341 fp=12+0 IoU=86.2% | 31/0 35/2 23/3 30/0 25/0 38/2 135/5
  loso L0.5K0.5 (2.5 plis) + loso L0.25K0.5 (2.0 plis) + loso L0.5K1 (2.5 plis) + loso L1K0.5 (1.5 plis)|curve|tempoSpread|0.1 322/341 fp=10+0 IoU=88.4% | 31/0 35/2 24/4 30/0 25/0 38/2 139/2
  production|neigh|48 314/341 fp=12+0 IoU=84.5% | 31/0 35/2 21/4 30/0 25/0 37/1 135/5
  loso L0.5K0.5 (2.5 plis) + loso L0.25K0.5 (2.0 plis) + loso L0.5K1 (2.5 plis) + loso L1K0.5 (1.5 plis)|neigh|30 322/341 fp=13+0 IoU=85.6% | 31/0 35/2 24/4 30/1 25/0 37/2 140/4
  loso L0.5K0.5 (2.5 plis) + loso L0.25K0.5 (2.0 plis) + loso L0.5K1 (2.5 plis) + loso L1K0.5 (1.5 plis)|curve|absent|0.99 324/341 fp=12+0 IoU=88.7% | 31/0 35/3 24/3 30/1 25/0 39/2 140/3
  loso L0.5K0.5 (2.5 plis) + loso L0.25K0.5 (2.0 plis) + loso L0.5K1 (2.5 plis) + loso L1K0.5 (1.5 plis)|curve|gap|0 324/341 fp=12+0 IoU=88.7% | 31/0 35/3 24/3 30/1 25/0 39/2 140/3
  loso L0.5K0.5 (2.5 plis) + loso L0.25K0.5 (2.0 plis) + loso L0.5K1 (2.5 plis) + loso L1K0.5 (1.5 plis)|curve|out|0.8 324/341 fp=12+0 IoU=88.7% | 31/0 35/3 24/3 30/1 25/0 39/2 140/3
  loso L0.5K0.5 (2.5 plis) + loso L0.25K0.5 (2.0 plis) + loso L0.5K1 (2.5 plis) + loso L1K0.5 (1.5 plis)|curve|in|1 324/341 fp=16+0 IoU=80.9% | 31/0 35/3 24/4 30/2 25/0 39/2 140/5
  loso L0.5K0.5 (2.5 plis) + loso L0.25K0.5 (2.0 plis) + loso L0.5K1 (2.5 plis) + loso L1K0.5 (1.5 plis)|curve|tempoSpread|0.15 318/341 fp=5+0 IoU=87.7% | 31/0 35/2 22/2 30/0 25/0 38/0 137/1
  loso L0.5K0.5 (2.5 plis) + loso L0.25K0.5 (2.0 plis) + loso L0.5K1 (2.5 plis) + loso L1K0.5 (1.5 plis)|curve|gap|10 324/341 fp=12+0 IoU=88.7% | 31/0 35/3 24/3 30/1 25/0 39/2 140/3
  loso L0.5K0.5 (2.5 plis) + loso L0.25K0.5 (2.0 plis) + loso L0.5K1 (2.5 plis) + loso L1K0.5 (1.5 plis)|neigh|10 324/341 fp=13+0 IoU=89.1% | 31/0 35/3 24/3 30/1 25/0 40/2 139/4
  loso L0.5K0.5 (2.5 plis) + loso L0.25K0.5 (2.0 plis) + loso L0.5K1 (2.5 plis) + loso L1K0.5 (1.5 plis)|neigh|17 324/341 fp=13+0 IoU=89.1% | 31/0 35/4 24/3 30/1 25/0 40/2 139/3
  loso L0.5K0.5 (2.5 plis) + loso L0.25K0.5 (2.0 plis) + loso L0.5K1 (2.5 plis) + loso L1K0.5 (1.5 plis)|neigh|2 324/341 fp=15+0 IoU=81.0% | 31/0 35/3 24/3 30/2 25/0 39/2 140/5
  loso L0.5K0.5 (2.5 plis) + loso L0.25K0.5 (2.0 plis) + loso L0.5K1 (2.5 plis) + loso L1K0.5 (1.5 plis)|neigh|5 324/341 fp=16+0 IoU=81.2% | 31/0 35/3 24/4 30/2 25/0 39/2 140/5
  production|neigh|17 317/341 fp=16+0 IoU=87.9% | 31/0 35/3 22/6 30/1 25/0 39/2 135/4
  loso L0.5K0.5 (2.5 plis) + loso L0.25K0.5 (2.0 plis) + loso L0.5K1 (2.5 plis) + loso L1K0.5 (1.5 plis)|neigh|11 325/341 fp=16+0 IoU=88.9% | 31/0 35/4 24/3 30/2 25/0 40/2 140/5
  production|neigh|11 316/341 fp=14+0 IoU=88.1% | 31/0 35/2 21/6 30/0 25/0 38/2 136/4
  loso L0.5K0.5 (2.5 plis) + loso L0.25K0.5 (2.0 plis) + loso L0.5K1 (2.5 plis) + loso L1K0.5 (1.5 plis)|neigh|37 324/341 fp=17+0 IoU=81.4% | 31/0 35/4 24/4 30/2 25/0 39/2 140/5
  loso L0.5K0.5 (2.5 plis) + loso L0.25K0.5 (2.0 plis) + loso L0.5K1 (2.5 plis) + loso L1K0.5 (1.5 plis)|neigh|33 324/341 fp=17+0 IoU=81.3% | 31/0 35/4 24/4 30/2 25/0 39/2 140/5
  loso L0.5K0.5 (2.5 plis) + loso L0.25K0.5 (2.0 plis) + loso L0.5K1 (2.5 plis) + loso L1K0.5 (1.5 plis)|neigh|34 322/341 fp=11+0 IoU=89.6% | 31/0 35/2 24/3 30/1 25/0 39/2 138/3
  loso L0.5K0.5 (2.5 plis) + loso L0.25K0.5 (2.0 plis) + loso L0.5K1 (2.5 plis) + loso L1K0.5 (1.5 plis)|neigh|41 325/341 fp=12+0 IoU=88.9% | 31/0 35/3 24/3 30/1 25/0 40/2 140/3
  loso L0.5K0.5 (2.5 plis) + loso L0.25K0.5 (2.0 plis) + loso L0.5K1 (2.5 plis) + loso L1K0.5 (1.5 plis)|neigh|35 324/341 fp=17+0 IoU=81.3% | 31/0 35/4 24/4 30/2 25/0 39/2 140/5
  production|neigh|5 315/341 fp=11+0 IoU=88.1% | 31/0 35/2 21/4 30/0 25/0 38/1 135/4
  production|curve|flat|off 319/341 fp=27+0 IoU=88.5% | 31/0 35/5 23/7 30/2 25/0 38/5 137/8
  production|curve|rapid|0 318/341 fp=12+0 IoU=88.0% | 31/0 35/2 22/5 30/0 25/0 39/1 136/4
39 configurations en 116s

 Test Files  1 passed (1)
      Tests  1 passed (1)
   Start at  16:35:34
   Duration  118.31s (transform 160ms, setup 0ms, import 202ms, tests 117.57s, environment 0ms)

