
 RUN  v4.1.10 C:/Perso/IrishMusicExperiments/Cadence

  Cstar|curve|in|0.1 321/341 fp=10+0 IoU=88.6% | 31/0 35/2 22/3 30/0 25/0 39/2 139/3
  Cstar|curve|absent|0.7 318/341 fp=10+0 IoU=85.7% | 31/0 35/2 20/2 30/0 25/0 38/1 139/5
  Cstar|curve|stay|0 324/341 fp=10+0 IoU=88.8% | 31/0 35/2 23/3 30/0 25/0 40/2 140/3
  production|neigh|8 316/341 fp=11+0 IoU=87.5% | 31/0 35/2 22/4 30/0 25/0 38/1 135/4
  production|curve|gap|0 318/341 fp=12+0 IoU=87.9% | 31/0 35/2 22/5 30/0 25/0 39/1 136/4
  Cstar|curve|rapid|2 324/341 fp=10+0 IoU=88.8% | 31/0 35/2 23/3 30/0 25/0 40/2 140/3
  Cstar|curve|tempoSpread|0.02 324/341 fp=10+0 IoU=88.8% | 31/0 35/2 23/3 30/0 25/0 40/2 140/3
  Cstar|curve|gap|15 324/341 fp=10+0 IoU=88.8% | 31/0 35/2 23/3 30/0 25/0 40/2 140/3
  Cstar|curve|tempoSpread|0.05 323/341 fp=10+0 IoU=88.6% | 31/0 35/2 23/3 30/0 25/0 39/2 140/3
  Cstar|neigh|62 323/341 fp=11+0 IoU=88.4% | 31/0 35/3 22/3 30/0 25/0 40/2 140/3
  Cstar|neigh|4 323/341 fp=11+0 IoU=88.5% | 31/0 35/3 22/3 30/0 25/0 40/2 140/3
  production|neigh|44 317/341 fp=17+0 IoU=88.5% | 31/0 35/3 21/7 30/1 25/0 39/2 136/4
  production|curve|absent|0 313/341 fp=14+0 IoU=82.0% | 31/0 35/2 20/4 30/0 25/0 37/1 135/7
  production|neigh|48 317/341 fp=12+0 IoU=88.2% | 31/0 35/2 22/5 30/0 25/0 38/1 136/4
  production|curve|out|0.5 318/341 fp=12+0 IoU=88.0% | 31/0 35/2 22/5 30/0 25/0 39/1 136/4
  Cstar|neigh|52 324/341 fp=10+0 IoU=88.1% | 31/0 35/2 23/3 30/0 25/0 40/2 140/3
  production|curve|minSeg|1 318/341 fp=42+0 IoU=87.9% | 31/0 35/5 22/11 30/0 25/0 39/8 136/18
  production|neigh|18 317/341 fp=11+0 IoU=88.0% | 31/0 35/2 22/4 30/0 25/0 38/1 136/4
  production|curve|margin|0 318/341 fp=11+0 IoU=81.1% | 31/0 35/2 22/5 30/0 25/0 39/1 136/3
  Cstar|neigh|76 324/341 fp=18+0 IoU=88.6% | 31/0 35/4 24/4 30/2 25/0 40/2 139/6
  production|curve|rapid|0.5 318/341 fp=12+0 IoU=88.0% | 31/0 35/2 22/5 30/0 25/0 39/1 136/4
  production|curve|out|1.2 317/341 fp=10+0 IoU=83.4% | 31/0 35/2 21/4 30/0 25/0 39/1 136/3
  production|curve|stay|0.5 318/341 fp=12+0 IoU=80.0% | 31/0 35/2 22/6 30/0 25/0 39/1 136/3
  production|curve|absent|0.99 315/341 fp=9+0 IoU=79.6% | 31/0 35/2 22/2 30/0 25/0 37/1 135/4
  production|curve|gap|10 318/341 fp=12+0 IoU=88.0% | 31/0 35/2 22/5 30/0 25/0 39/1 136/4
  Cstar|neigh|79 325/341 fp=30+0 IoU=88.2% | 31/0 35/4 23/7 30/5 25/0 40/4 141/10
  production|neigh|32 317/341 fp=12+0 IoU=87.4% | 31/0 35/2 23/3 30/0 25/0 38/2 135/5
  production|curve|minCand|0.14 318/341 fp=12+0 IoU=88.1% | 31/0 35/2 22/5 30/0 25/0 39/1 136/4
  Cstar|neigh|42 321/341 fp=10+0 IoU=88.6% | 31/0 35/2 22/3 30/0 25/0 39/2 139/3
  production|neigh|62 316/341 fp=13+0 IoU=88.2% | 31/0 35/2 21/6 30/0 25/0 38/1 136/4
  production|neigh|11 316/341 fp=12+0 IoU=87.9% | 31/0 35/2 21/5 30/0 25/0 38/2 136/3
  production|neigh|61 318/341 fp=13+0 IoU=88.1% | 31/0 35/2 22/6 30/0 25/0 39/1 136/4
  production|curve|gap|20 318/341 fp=12+0 IoU=88.0% | 31/0 35/2 22/5 30/0 25/0 39/1 136/4
  production|neigh|35 318/341 fp=13+0 IoU=87.8% | 31/0 35/2 22/5 30/0 25/0 38/1 137/5
  production|neigh|66 317/341 fp=11+0 IoU=88.2% | 31/0 35/2 22/4 30/0 25/0 39/1 135/4
  production|curve|stay|0.3 318/341 fp=12+0 IoU=80.0% | 31/0 35/2 22/6 30/0 25/0 39/1 136/3
  production|curve|out|0.8 317/341 fp=11+0 IoU=87.3% | 31/0 35/2 22/4 30/0 25/0 39/1 135/4
  production|neigh|37 318/341 fp=11+0 IoU=88.1% | 31/0 35/2 22/5 30/0 25/0 39/1 136/3
  production|neigh|12 318/341 fp=12+0 IoU=88.0% | 31/0 35/2 22/5 30/0 25/0 39/1 136/4
  Cstar|neigh|63 323/341 fp=10+0 IoU=88.6% | 31/0 35/3 22/3 30/0 25/0 40/1 140/3
  production|neigh|64 319/341 fp=19+0 IoU=88.4% | 31/0 35/4 22/7 30/1 25/0 39/3 137/4
  Cstar|curve|tempoSpread|0 324/341 fp=10+0 IoU=88.8% | 31/0 35/2 23/3 30/0 25/0 40/2 140/3
  production|neigh|40 316/341 fp=11+0 IoU=87.4% | 31/0 35/2 22/3 30/0 25/0 38/1 135/5
  production|neigh|46 318/341 fp=12+0 IoU=87.9% | 31/0 35/2 22/5 30/0 25/0 39/1 136/4
  Cstar|neigh|15 321/341 fp=10+0 IoU=88.2% | 31/0 35/3 21/3 30/0 25/0 40/1 139/3
  production|neigh|39 317/341 fp=15+0 IoU=87.8% | 31/0 35/2 21/6 30/0 25/0 39/2 136/5
  production|curve|stay|0.05 309/341 fp=12+0 IoU=86.1% | 31/0 35/2 20/5 28/0 25/0 35/1 135/4
  Cstar|curve|flat|off 324/341 fp=10+0 IoU=88.8% | 31/0 35/2 23/3 30/0 25/0 40/2 140/3
  production|curve|margin|0.05 316/341 fp=11+0 IoU=88.2% | 31/0 35/2 22/4 30/0 25/0 38/1 135/4
  Cstar|neigh|24 319/341 fp=10+0 IoU=89.9% | 31/0 35/2 22/3 30/0 25/0 38/2 138/3
  production|neigh|30 318/341 fp=12+0 IoU=88.1% | 31/0 35/2 23/4 30/0 25/0 39/2 135/4
  Cstar|neigh|39 326/341 fp=29+0 IoU=88.5% | 31/0 35/4 24/7 30/5 25/0 40/3 141/10
52 configurations en 143s

 Test Files  1 passed (1)
      Tests  1 passed (1)
   Start at  16:39:14
   Duration  144.57s (transform 135ms, setup 0ms, import 174ms, tests 143.94s, environment 0ms)

