
 RUN  v4.1.10 C:/Perso/IrishMusicExperiments/Cadence

  Cstar|curve|stay|0.2 324/341 fp=16+0 IoU=81.9% | 31/0 35/3 24/4 30/2 25/0 39/2 140/5
  Cstar|curve|absent|0.8 318/341 fp=9+0 IoU=86.6% | 31/0 35/2 20/2 30/0 25/0 38/1 139/4
  Cstar|curve|out|1.6 318/341 fp=13+0 IoU=83.8% | 31/0 35/3 19/3 30/1 25/0 38/2 140/4
  Cstar|neigh|54 320/341 fp=11+0 IoU=89.0% | 31/0 35/3 22/3 30/0 25/0 38/2 139/3
  production|neigh|50 319/341 fp=13+0 IoU=87.9% | 31/0 35/2 23/5 30/0 25/0 39/2 136/4
  production|neigh|14 317/341 fp=12+0 IoU=85.0% | 31/0 35/2 22/5 30/0 25/0 38/1 136/4
  Cstar|curve|gap|3 324/341 fp=10+0 IoU=88.8% | 31/0 35/2 23/3 30/0 25/0 40/2 140/3
  production|neigh|28 316/341 fp=12+0 IoU=88.2% | 31/0 35/2 22/5 30/0 25/0 38/1 135/4
  Cstar|neigh|44 325/341 fp=12+0 IoU=88.9% | 31/0 35/4 24/3 30/0 25/0 40/2 140/3
  production|curve|in|0.1 316/341 fp=14+0 IoU=87.6% | 31/0 35/2 21/6 30/0 25/0 38/1 136/5
  Cstar|neigh|47 321/341 fp=11+0 IoU=89.1% | 31/0 35/3 22/3 30/0 25/0 39/2 139/3
  Cstar|curve|margin|0.2 319/341 fp=9+0 IoU=86.8% | 31/0 35/2 21/2 30/0 25/0 38/1 139/4
  Cstar|neigh|7 321/341 fp=9+0 IoU=88.4% | 31/0 35/2 22/3 30/0 25/0 39/1 139/3
  production|curve|margin|0.03 318/341 fp=12+0 IoU=88.0% | 31/0 35/2 22/5 30/0 25/0 39/1 136/4
  Cstar|neigh|14 325/341 fp=15+0 IoU=88.1% | 31/0 35/4 24/3 30/1 25/0 40/2 140/5
  production|curve|absent|0.97 316/341 fp=11+0 IoU=79.3% | 31/0 35/2 22/4 30/0 25/0 38/1 135/4
  Cstar|neigh|48 321/341 fp=8+0 IoU=89.1% | 31/0 35/2 22/3 30/0 25/0 40/0 138/3
  Cstar|neigh|73 324/341 fp=14+0 IoU=88.0% | 31/0 35/3 24/3 30/1 25/0 40/1 139/6
  production|curve|tempoSpread|0.02 321/341 fp=16+0 IoU=87.6% | 31/0 35/2 23/6 30/2 25/0 40/2 137/4
  Cstar|neigh|59 325/341 fp=24+0 IoU=88.8% | 31/0 35/4 24/5 30/5 25/0 40/2 140/8
  Cstar|neigh|72 324/341 fp=17+0 IoU=88.8% | 31/0 35/4 24/4 30/2 25/0 39/2 140/5
  production|neigh|72 318/341 fp=11+0 IoU=88.0% | 31/0 35/2 23/4 30/0 25/0 39/1 135/4
  production|neigh|69 320/341 fp=15+0 IoU=88.7% | 31/0 35/3 23/5 30/1 25/0 39/2 137/4
  production|neigh|51 318/341 fp=15+0 IoU=88.5% | 31/0 35/3 23/5 30/1 25/0 38/2 136/4
  production|curve|minCand|0.24 318/341 fp=13+0 IoU=87.9% | 31/0 35/2 22/6 30/0 25/0 39/1 136/4
  production|curve|margin|-0.01 318/341 fp=11+0 IoU=80.3% | 31/0 35/2 22/5 30/0 25/0 39/1 136/3
  production|neigh|13 316/341 fp=13+0 IoU=87.5% | 31/0 35/2 21/4 30/0 25/0 38/1 136/6
  production|neigh|16 317/341 fp=14+0 IoU=88.2% | 31/0 35/2 21/6 30/0 25/0 39/1 136/5
  production|curve|chg|2 316/341 fp=12+0 IoU=87.5% | 31/0 35/2 22/5 30/0 25/0 38/1 135/4
  production|neigh|34 317/341 fp=12+0 IoU=87.9% | 31/0 35/2 22/5 30/0 25/0 38/1 136/4
  production|neigh|20 317/341 fp=11+0 IoU=87.6% | 31/0 35/2 23/3 30/0 25/0 38/2 135/4
  production|neigh|21 314/341 fp=11+0 IoU=88.4% | 31/0 35/2 22/4 30/0 25/0 36/1 135/4
  production|neigh|54 319/341 fp=15+0 IoU=88.9% | 31/0 35/3 23/5 30/0 25/0 39/2 136/5
  production|curve|floor|0.24 316/341 fp=11+0 IoU=88.1% | 31/0 35/2 22/4 30/0 25/0 38/1 135/4
  production|neigh|79 317/341 fp=12+0 IoU=87.6% | 31/0 35/2 22/4 30/0 25/0 38/1 136/5
  production|curve|minCand|0.18 318/341 fp=12+0 IoU=88.0% | 31/0 35/2 22/5 30/0 25/0 39/1 136/4
  production|neigh|7 318/341 fp=12+0 IoU=87.8% | 31/0 35/2 22/5 30/0 25/0 38/1 137/4
  production|curve|flat|off 319/341 fp=27+0 IoU=88.5% | 31/0 35/5 23/7 30/2 25/0 38/5 137/8
  production|neigh|47 318/341 fp=12+0 IoU=88.0% | 31/0 35/2 22/5 30/0 25/0 39/1 136/4
  production|neigh|56 316/341 fp=13+0 IoU=88.6% | 31/0 35/3 22/5 30/0 25/0 38/1 135/4
  Cstar|neigh|57 322/341 fp=13+0 IoU=87.9% | 31/0 35/3 22/3 30/1 25/0 39/2 140/4
  Cstar|neigh|5 324/341 fp=14+0 IoU=89.1% | 31/0 35/3 24/4 30/1 25/0 39/2 140/4
  Cstar|curve|stay|0.1 324/341 fp=16+0 IoU=81.9% | 31/0 35/3 24/4 30/2 25/0 39/2 140/5
  production|curve|gap|15 318/341 fp=12+0 IoU=88.0% | 31/0 35/2 22/5 30/0 25/0 39/1 136/4
  Cstar|neigh|45 324/341 fp=18+0 IoU=86.6% | 31/0 35/3 24/4 30/2 25/0 39/2 140/7
  Cstar|curve|out|0.5 325/341 fp=22+0 IoU=88.2% | 31/0 35/3 24/6 30/4 25/0 40/3 140/6
  production|neigh|71 317/341 fp=11+0 IoU=87.8% | 31/0 35/2 22/5 30/0 25/0 38/1 136/3
  production|neigh|75 317/341 fp=14+0 IoU=88.6% | 31/0 35/3 22/5 30/0 25/0 39/2 135/4
  production|neigh|25 318/341 fp=15+0 IoU=89.0% | 31/0 35/3 23/5 30/0 25/0 38/3 136/4
  Cstar|neigh|51 325/341 fp=14+0 IoU=88.9% | 31/0 35/4 24/3 30/1 25/0 40/2 140/4
  production|neigh|57 317/341 fp=17+0 IoU=88.1% | 31/0 35/3 21/7 30/1 25/0 38/2 137/4
  Cstar|neigh|65 324/341 fp=16+0 IoU=87.1% | 31/0 35/4 24/4 30/1 25/0 39/2 140/5
52 configurations en 145s

 Test Files  1 passed (1)
      Tests  1 passed (1)
   Start at  16:39:14
   Duration  147.15s (transform 132ms, setup 0ms, import 172ms, tests 146.52s, environment 0ms)

