
 RUN  v4.1.10 C:/Perso/IrishMusicExperiments/Cadence

  Cstar|curve|minCand|0.2 324/341 fp=11+0 IoU=88.8% | 31/0 35/3 23/3 30/0 25/0 40/2 140/3
  production|curve|out|1.6 317/341 fp=11+0 IoU=80.7% | 31/0 35/2 21/5 30/0 25/0 39/1 136/3
  Cstar|curve|tempoSpread|0.15 317/341 fp=5+0 IoU=88.2% | 31/0 35/2 21/2 30/0 25/0 38/0 137/1
  production|curve|floor|0.26 313/341 fp=10+0 IoU=88.5% | 31/0 35/2 22/3 29/0 25/0 36/1 135/4
  Cstar|curve|minCand|0.18 323/341 fp=12+0 IoU=88.9% | 31/0 35/3 23/3 30/0 25/0 40/2 139/4
  production|curve|margin|0.01 318/341 fp=11+0 IoU=87.9% | 31/0 35/2 22/5 30/0 25/0 39/1 136/3
  production|curve|tempoSpread|0.12 318/341 fp=12+0 IoU=88.0% | 31/0 35/2 22/5 30/0 25/0 39/1 136/4
  production|curve|absent|0.95 316/341 fp=11+0 IoU=79.4% | 31/0 35/2 22/4 30/0 25/0 38/1 135/4
  Cstar|curve|margin|0.1 320/341 fp=9+0 IoU=88.2% | 31/0 35/2 21/2 30/0 25/0 39/1 139/4
  Cstar|neigh|58 322/341 fp=9+0 IoU=88.9% | 31/0 35/3 22/3 30/0 25/0 40/0 139/3
  production|curve|out|0.2 316/341 fp=14+0 IoU=88.1% | 31/0 35/2 21/6 30/0 25/0 38/1 136/5
  production|neigh|78 318/341 fp=14+0 IoU=88.7% | 31/0 35/3 22/5 30/1 25/0 39/2 136/3
  Cstar|neigh|26 324/341 fp=18+0 IoU=89.0% | 31/0 35/3 24/4 30/3 25/0 39/2 140/6
  Cstar|neigh|19 321/341 fp=10+0 IoU=89.5% | 31/0 35/3 22/3 30/0 25/0 40/1 138/3
  Cstar|curve|floorQ×|0.5 324/341 fp=10+0 IoU=88.8% | 31/0 35/2 23/3 30/0 25/0 40/2 140/3
  Cstar|neigh|36 323/341 fp=10+0 IoU=88.9% | 31/0 35/3 23/3 30/0 25/0 40/1 139/3
  Cstar|curve|minCand|0.28 321/341 fp=10+0 IoU=88.7% | 31/0 35/2 23/2 30/0 25/0 38/2 139/4
  Cstar|neigh|30 324/341 fp=15+0 IoU=88.9% | 31/0 35/4 24/4 30/1 25/0 39/2 140/4
  Cstar|neigh|28 323/341 fp=17+0 IoU=89.3% | 31/0 35/3 24/4 30/2 25/0 39/2 139/6
  Cstar|curve|tempoSpread|0.12 321/341 fp=7+0 IoU=88.7% | 31/0 35/2 22/2 30/0 25/0 39/1 139/2
  production|curve|floor|0.18 318/341 fp=11+0 IoU=88.1% | 31/0 35/2 22/5 30/0 25/0 39/1 136/3
  Cstar|curve|margin|0.03 323/341 fp=10+0 IoU=88.8% | 31/0 35/2 22/3 30/0 25/0 40/2 140/3
  production|neigh|41 318/341 fp=11+0 IoU=88.8% | 31/0 35/2 23/3 30/0 25/0 38/2 136/4
  Cstar|neigh|77 321/341 fp=8+0 IoU=89.2% | 31/0 35/2 22/3 30/0 25/0 40/0 138/3
  production|neigh|65 317/341 fp=12+0 IoU=88.1% | 31/0 35/2 22/5 30/0 25/0 38/1 136/4
  production|neigh|49 316/341 fp=14+0 IoU=87.8% | 31/0 35/2 21/6 30/0 25/0 38/2 136/4
  production|curve|stay|0.2 318/341 fp=12+0 IoU=88.0% | 31/0 35/2 22/5 30/0 25/0 39/1 136/4
  Cstar|neigh|21 324/341 fp=18+0 IoU=89.2% | 31/0 35/4 24/4 30/2 25/0 39/2 140/6
  Cstar|curve|rapid|1 324/341 fp=10+0 IoU=88.8% | 31/0 35/2 23/3 30/0 25/0 40/2 140/3
  Cstar|neigh|60 324/341 fp=17+0 IoU=89.0% | 31/0 35/3 24/4 30/2 25/0 39/2 140/6
  production|curve|minCand|0.2 318/341 fp=12+0 IoU=88.0% | 31/0 35/2 22/5 30/0 25/0 39/1 136/4
  Cstar|neigh|27 325/341 fp=16+0 IoU=88.3% | 31/0 35/3 24/3 30/2 25/0 40/2 140/6
  production|curve|floor|0.16 317/341 fp=14+0 IoU=88.2% | 31/0 35/2 21/6 30/0 25/0 39/1 136/5
  production|curve|margin|0.2 314/341 fp=13+0 IoU=85.7% | 31/0 35/2 21/5 30/0 25/0 37/1 135/5
  Cstar|curve|in|0.25 319/341 fp=9+0 IoU=87.9% | 31/0 35/1 21/2 30/1 25/0 38/2 139/3
  Cstar|curve|chg|2 323/341 fp=9+0 IoU=88.2% | 31/0 35/2 23/3 30/0 25/0 40/1 139/3
  production|neigh|1 315/341 fp=11+0 IoU=87.7% | 31/0 35/2 23/3 30/0 25/0 36/2 135/4
  Cstar|curve|out|0.2 323/341 fp=34+0 IoU=87.8% | 31/0 35/5 23/6 30/7 25/0 40/5 139/11
  Cstar|curve|floorQ×|0.75 324/341 fp=10+0 IoU=88.8% | 31/0 35/2 23/3 30/0 25/0 40/2 140/3
  production|curve|tempoSpread|0.05 321/341 fp=16+0 IoU=87.5% | 31/0 35/2 23/7 30/1 25/0 40/2 137/4
  production|curve|absent|0.8 318/341 fp=12+0 IoU=88.0% | 31/0 35/2 22/5 30/0 25/0 39/1 136/4
  Cstar|neigh|37 325/341 fp=23+0 IoU=88.8% | 31/0 35/4 24/5 30/4 25/0 40/3 140/7
  Cstar|curve|gap|20 324/341 fp=10+0 IoU=88.8% | 31/0 35/2 23/3 30/0 25/0 40/2 140/3
  production|neigh|2 316/341 fp=11+0 IoU=88.3% | 31/0 35/2 22/4 30/0 25/0 38/1 135/4
  Cstar|neigh|75 325/341 fp=30+0 IoU=88.7% | 31/0 35/5 24/7 30/6 25/0 40/3 140/9
  Cstar|curve|minCand|0.14 323/341 fp=13+2 IoU=89.0% | 31/0 35/4 23/3 30/0 25/0 40/2 139/4
  production|curve|margin|0.1 315/341 fp=12+0 IoU=86.9% | 31/0 35/2 21/5 30/0 25/0 38/1 135/4
  Cstar|neigh|41 325/341 fp=20+0 IoU=88.4% | 31/0 35/3 24/4 30/3 25/0 40/2 140/8
  production|neigh|53 318/341 fp=12+0 IoU=88.3% | 31/0 35/3 22/5 30/0 25/0 39/1 136/3
  Cstar|neigh|78 322/341 fp=17+0 IoU=89.7% | 31/0 35/4 24/4 30/2 25/0 39/2 138/5
  Cstar|curve|absent|0.9 319/341 fp=9+0 IoU=88.4% | 31/0 35/2 21/2 30/0 25/0 38/1 139/4
  production|curve|absent|0.9 316/341 fp=12+0 IoU=79.8% | 31/0 35/2 22/5 30/0 25/0 38/1 135/4
52 configurations en 149s

 Test Files  1 passed (1)
      Tests  1 passed (1)
   Start at  16:39:14
   Duration  150.51s (transform 140ms, setup 0ms, import 183ms, tests 149.86s, environment 0ms)

