
 RUN  v4.1.10 C:/Perso/IrishMusicExperiments/Cadence

  Cstar|base 324/341 fp=10+0 IoU=88.8% | 31/0 35/2 23/3 30/0 25/0 40/2 140/3
  Cstar|curve|absent|0.97 323/341 fp=10+0 IoU=88.8% | 31/0 35/2 22/3 30/0 25/0 40/2 140/3
  Cstar|curve|in|1 318/341 fp=13+0 IoU=83.6% | 31/0 35/3 19/3 30/1 25/0 38/2 140/4
  Cstar|neigh|68 321/341 fp=10+0 IoU=88.3% | 31/0 35/3 22/2 30/0 25/0 39/2 139/3
  Cstar|curve|floorQ×|4 307/341 fp=5+0 IoU=89.2% | 31/0 35/1 19/1 29/0 24/0 36/0 133/3
  Cstar|neigh|50 324/341 fp=10+0 IoU=88.7% | 31/0 35/3 24/3 30/0 25/0 40/1 139/3
  Cstar|curve|gap|0 324/341 fp=10+0 IoU=88.8% | 31/0 35/2 23/3 30/0 25/0 40/2 140/3
  production|curve|flat|0.02 321/341 fp=18+0 IoU=88.4% | 31/0 35/4 23/6 30/1 25/0 39/2 138/5
  Cstar|curve|tempoSpread|0.1 322/341 fp=9+0 IoU=88.7% | 31/0 35/2 23/3 30/0 25/0 39/2 139/2
  Cstar|curve|minCand|0.24 324/341 fp=10+0 IoU=88.8% | 31/0 35/2 23/3 30/0 25/0 40/2 140/3
  Cstar|curve|flat|0.1 306/341 fp=7+0 IoU=85.7% | 31/0 35/2 19/2 27/0 25/0 36/1 133/2
  Cstar|neigh|64 321/341 fp=10+0 IoU=88.5% | 31/0 35/2 22/3 30/0 25/0 39/2 139/3
  Cstar|neigh|32 324/341 fp=10+0 IoU=88.8% | 31/0 35/3 24/3 30/0 25/0 40/1 139/3
  production|neigh|10 318/341 fp=12+0 IoU=88.1% | 31/0 35/2 22/5 30/0 25/0 39/1 136/4
  Cstar|neigh|17 320/341 fp=10+0 IoU=87.9% | 31/0 35/2 21/2 30/1 25/0 39/2 139/3
  production|curve|chg|1 318/341 fp=12+0 IoU=88.0% | 31/0 35/2 22/5 30/0 25/0 39/1 136/4
  production|neigh|6 319/341 fp=13+0 IoU=88.6% | 31/0 35/3 23/4 30/0 25/0 39/2 136/4
  Cstar|curve|absent|0.95 323/341 fp=11+0 IoU=88.3% | 31/0 35/2 22/3 30/0 25/0 40/2 140/4
  Cstar|curve|rapid|0.5 324/341 fp=10+0 IoU=88.8% | 31/0 35/2 23/3 30/0 25/0 40/2 140/3
  Cstar|curve|stay|0.05 324/341 fp=16+0 IoU=81.9% | 31/0 35/3 24/4 30/2 25/0 39/2 140/5
  production|neigh|22 317/341 fp=15+0 IoU=88.1% | 31/0 35/3 21/5 30/1 25/0 39/2 136/4
  Cstar|neigh|6 324/341 fp=12+0 IoU=88.7% | 31/0 35/4 24/3 30/0 25/0 40/2 139/3
  production|curve|floor|0.14 317/341 fp=14+0 IoU=88.0% | 31/0 35/2 21/6 30/0 25/0 39/1 136/5
  Cstar|curve|floorQ×|1.5 316/341 fp=8+0 IoU=89.9% | 31/0 35/2 21/3 29/0 25/0 38/0 137/3
  production|neigh|42 317/341 fp=12+0 IoU=88.1% | 31/0 35/2 23/4 30/0 25/0 38/2 135/4
  Cstar|neigh|8 325/341 fp=19+0 IoU=87.2% | 31/0 35/4 24/4 30/3 25/0 40/2 140/6
  Cstar|neigh|12 324/341 fp=18+0 IoU=88.1% | 31/0 35/4 24/4 30/2 25/0 39/2 140/6
  Cstar|curve|margin|-0.01 325/341 fp=14+0 IoU=80.8% | 31/0 35/3 24/3 30/2 25/0 40/1 140/5
  Cstar|curve|in|0.5 319/341 fp=12+0 IoU=86.2% | 31/0 35/2 20/3 30/1 25/0 38/2 140/4
  production|neigh|58 317/341 fp=11+0 IoU=88.1% | 31/0 35/2 22/4 30/0 25/0 39/1 135/4
  Cstar|curve|gap|7 324/341 fp=10+0 IoU=88.8% | 31/0 35/2 23/3 30/0 25/0 40/2 140/3
  Cstar|neigh|46 325/341 fp=15+0 IoU=88.8% | 31/0 35/3 24/3 30/2 25/0 40/2 140/5
  production|curve|chg|0.3 316/341 fp=14+0 IoU=84.4% | 31/0 35/2 21/5 30/0 25/0 38/2 136/5
  Cstar|curve|rapid|4 324/341 fp=10+0 IoU=88.8% | 31/0 35/2 23/3 30/0 25/0 40/2 140/3
  Cstar|neigh|0 321/341 fp=9+0 IoU=89.2% | 31/0 35/3 22/3 30/0 25/0 40/0 138/3
  Cstar|neigh|23 325/341 fp=18+0 IoU=88.0% | 31/0 35/3 24/4 30/2 25/0 40/2 140/7
  production|neigh|26 317/341 fp=11+0 IoU=87.9% | 31/0 35/2 22/4 30/0 25/0 38/1 136/4
  Cstar|neigh|33 323/341 fp=15+0 IoU=87.1% | 31/0 35/3 23/4 30/1 25/0 39/2 140/5
  Cstar|neigh|20 325/341 fp=26+0 IoU=88.2% | 31/0 35/4 24/6 30/5 25/0 40/3 140/8
  Cstar|curve|margin|0.02 325/341 fp=10+0 IoU=88.8% | 31/0 35/2 24/3 30/0 25/0 40/2 140/3
  Cstar|curve|chg|1 323/341 fp=9+0 IoU=88.9% | 31/0 35/2 23/3 30/0 25/0 40/1 139/3
  production|neigh|0 315/341 fp=11+0 IoU=88.6% | 31/0 35/2 22/3 30/0 25/0 37/2 135/4
  production|curve|in|0 316/341 fp=14+0 IoU=87.3% | 31/0 35/2 21/5 30/0 25/0 38/1 136/6
  Cstar|neigh|34 320/341 fp=10+0 IoU=88.6% | 31/0 35/2 22/3 30/0 25/0 38/2 139/3
  Cstar|curve|chg|0.3 325/341 fp=41+0 IoU=86.0% | 31/0 35/5 24/7 30/8 25/0 40/5 140/16
  production|curve|tempoSpread|0.15 316/341 fp=11+0 IoU=87.2% | 31/0 35/2 21/4 30/0 25/0 38/1 136/4
  Cstar|neigh|38 324/341 fp=15+0 IoU=87.5% | 31/0 35/3 24/4 30/1 25/0 39/2 140/5
  Cstar|curve|floorQ×|2 314/341 fp=7+0 IoU=89.6% | 31/0 35/2 21/2 29/0 25/0 38/0 135/3
  production|curve|stay|0.1 313/341 fp=12+0 IoU=86.3% | 31/0 35/2 21/5 29/0 25/0 37/1 135/4
  Cstar|curve|gap|10 324/341 fp=10+0 IoU=88.8% | 31/0 35/2 23/3 30/0 25/0 40/2 140/3
  production|curve|tempoSpread|0.08 319/341 fp=13+0 IoU=88.0% | 31/0 35/2 23/5 30/0 25/0 39/2 136/4
  Cstar|curve|flat|0.05 316/341 fp=8+0 IoU=88.5% | 31/0 35/2 21/2 30/0 25/0 39/1 135/3
52 configurations en 148s

 Test Files  1 passed (1)
      Tests  1 passed (1)
   Start at  16:39:14
   Duration  150.30s (transform 141ms, setup 0ms, import 182ms, tests 149.65s, environment 0ms)

